Archive member included because of file (symbol)

c:/program files (x86)/raisonance/ride/arm-gcc/bin/../lib/gcc/arm-none-eabi/4.3.2/../../../../arm-none-eabi/lib/thumb2\libc.a(lib_a-memcpy.o)
                              C:\tien\PROJEKTY\procesory\STM\T108_V100a\RTC.o (memcpy)
C:\Program Files (x86)\Raisonance\Ride\Lib\ARM\STM32x_io_putchar_thumb.a(syscalls.o)
                              (_write)
C:\Program Files (x86)\Raisonance\Ride\Lib\ARM\STM32x_io_putchar_thumb.a(STM32F10X_IO_putchar.o)
                              (__io_putchar)
C:\Program Files (x86)\Raisonance\Ride\Lib\ARM\STM32F10x_thumb.lib(stm32f10x_dma.o)
                              C:\tien\PROJEKTY\procesory\STM\T108_V100a\hardware.o (DMA_DeInit)
C:\Program Files (x86)\Raisonance\Ride\Lib\ARM\STM32F10x_thumb.lib(stm32f10x_exti.o)
                              C:\tien\PROJEKTY\procesory\STM\T108_V100a\hardware.o (EXTI_Init)
C:\Program Files (x86)\Raisonance\Ride\Lib\ARM\STM32F10x_thumb.lib(stm32f10x_gpio.o)
                              C:\tien\PROJEKTY\procesory\STM\T108_V100a\hardware.o (GPIO_Init)
C:\Program Files (x86)\Raisonance\Ride\Lib\ARM\STM32F10x_thumb.lib(stm32f10x_iwdg.o)
                              C:\tien\PROJEKTY\procesory\STM\T108_V100a\hardware.o (IWDG_WriteAccessCmd)
C:\Program Files (x86)\Raisonance\Ride\Lib\ARM\STM32F10x_thumb.lib(stm32f10x_nvic.o)
                              C:\tien\PROJEKTY\procesory\STM\T108_V100a\hardware.o (NVIC_Init)
C:\Program Files (x86)\Raisonance\Ride\Lib\ARM\STM32F10x_thumb.lib(stm32f10x_pwr.o)
                              C:\tien\PROJEKTY\procesory\STM\T108_V100a\hardware.o (PWR_BackupAccessCmd)
C:\Program Files (x86)\Raisonance\Ride\Lib\ARM\STM32F10x_thumb.lib(stm32f10x_rcc.o)
                              C:\tien\PROJEKTY\procesory\STM\T108_V100a\hardware.o (RCC_DeInit)
C:\Program Files (x86)\Raisonance\Ride\Lib\ARM\STM32F10x_thumb.lib(stm32f10x_rtc.o)
                              C:\tien\PROJEKTY\procesory\STM\T108_V100a\sys.o (RTC_GetCounter)
C:\Program Files (x86)\Raisonance\Ride\Lib\ARM\STM32F10x_thumb.lib(stm32f10x_spi.o)
                              C:\tien\PROJEKTY\procesory\STM\T108_V100a\hardware.o (SPI_Init)
C:\Program Files (x86)\Raisonance\Ride\Lib\ARM\STM32F10x_thumb.lib(stm32f10x_systick.o)
                              C:\tien\PROJEKTY\procesory\STM\T108_V100a\hardware.o (SysTick_CLKSourceConfig)
C:\Program Files (x86)\Raisonance\Ride\Lib\ARM\STM32F10x_thumb.lib(stm32f10x_tim.o)
                              C:\tien\PROJEKTY\procesory\STM\T108_V100a\hardware.o (TIM_TimeBaseInit)
C:\Program Files (x86)\Raisonance\Ride\Lib\ARM\STM32F10x_thumb.lib(stm32f10x_usart.o)
                              C:\tien\PROJEKTY\procesory\STM\T108_V100a\hardware.o (USART_Cmd)
C:\Program Files (x86)\Raisonance\Ride\Lib\ARM\STM32F10x_thumb.lib(stm32f10x_wwdg.o)
                              C:\tien\PROJEKTY\procesory\STM\T108_V100a\hardware.o (WWDG_SetPrescaler)
C:\Program Files (x86)\Raisonance\Ride\Lib\ARM\STM32F10x_thumb.lib(stm32f10x_adc.o)
                              C:\tien\PROJEKTY\procesory\STM\T108_V100a\hardware.o (ADC_Init)
C:\Program Files (x86)\Raisonance\Ride\Lib\ARM\STM32F10x_thumb.lib(stm32f10x_bkp.o)
                              C:\tien\PROJEKTY\procesory\STM\T108_V100a\RTC.o (BKP_WriteBackupRegister)
C:\Program Files (x86)\Raisonance\Ride\Lib\ARM\STM32F10x_thumb.lib(cortexm3_macro.o)
                              C:\Program Files (x86)\Raisonance\Ride\Lib\ARM\STM32F10x_thumb.lib(stm32f10x_pwr.o) (__WFI)
c:/program files (x86)/raisonance/ride/arm-gcc/bin/../lib/gcc/arm-none-eabi/4.3.2/../../../../arm-none-eabi/lib/thumb2\libc.a(lib_a-abort.o)
                              C:\Program Files (x86)\Raisonance\Ride\Lib\ARM\STM32x_io_putchar_thumb.a(syscalls.o) (abort)
c:/program files (x86)/raisonance/ride/arm-gcc/bin/../lib/gcc/arm-none-eabi/4.3.2/../../../../arm-none-eabi/lib/thumb2\libc.a(lib_a-errno.o)
                              C:\Program Files (x86)\Raisonance\Ride\Lib\ARM\STM32x_io_putchar_thumb.a(syscalls.o) (__errno)
c:/program files (x86)/raisonance/ride/arm-gcc/bin/../lib/gcc/arm-none-eabi/4.3.2/../../../../arm-none-eabi/lib/thumb2\libc.a(lib_a-impure.o)
                              c:/program files (x86)/raisonance/ride/arm-gcc/bin/../lib/gcc/arm-none-eabi/4.3.2/../../../../arm-none-eabi/lib/thumb2\libc.a(lib_a-errno.o) (_impure_ptr)
c:/program files (x86)/raisonance/ride/arm-gcc/bin/../lib/gcc/arm-none-eabi/4.3.2/../../../../arm-none-eabi/lib/thumb2\libc.a(lib_a-signal.o)
                              c:/program files (x86)/raisonance/ride/arm-gcc/bin/../lib/gcc/arm-none-eabi/4.3.2/../../../../arm-none-eabi/lib/thumb2\libc.a(lib_a-abort.o) (raise)
c:/program files (x86)/raisonance/ride/arm-gcc/bin/../lib/gcc/arm-none-eabi/4.3.2/../../../../arm-none-eabi/lib/thumb2\libc.a(lib_a-signalr.o)
[...]
Memory Configuration

Name             Origin             Length             Attributes
RAM              0x20000000         0x0000c000         xrw
FLASH            0x08000000         0x00040000         xr
FLASHPATCH       0x00000000         0x00000000         r
ENDFLASH         0x00000000         0x00000000         xr
FLASHB1          0x00000000         0x00000000         xr
EXTMEMB0         0x00000000         0x00000000         xr
EXTMEMB1         0x00000000         0x00000000         xr
EXTMEMB2         0x00000000         0x00000000         xr
EXTMEMB3         0x00000000         0x00000000         xr
*default*        0x00000000         0xffffffff

Linker script and memory map

LOAD C:\Program Files (x86)\Raisonance\Ride\lib\ARM\crt0_STM32x_HD.o
LOAD C:\tien\PROJEKTY\procesory\STM\T108_V100a\stm32f10x_flash.o
LOAD C:\tien\PROJEKTY\procesory\STM\T108_V100a\control.o
LOAD C:\tien\PROJEKTY\procesory\STM\T108_V100a\sys.o
LOAD C:\tien\PROJEKTY\procesory\STM\T108_V100a\stm32f10x_it.o
LOAD C:\tien\PROJEKTY\procesory\STM\T108_V100a\RTC.o
LOAD C:\tien\PROJEKTY\procesory\STM\T108_V100a\main.o
LOAD C:\tien\PROJEKTY\procesory\STM\T108_V100a\lcd.o
LOAD C:\tien\PROJEKTY\procesory\STM\T108_V100a\hardware.o
LOAD C:\tien\PROJEKTY\procesory\STM\T108_V100a\gui.o
LOAD C:\tien\PROJEKTY\procesory\STM\T108_V100a\usb_core.o
LOAD C:\tien\PROJEKTY\procesory\STM\T108_V100a\usb_init.o
LOAD C:\tien\PROJEKTY\procesory\STM\T108_V100a\usb_int.o
LOAD C:\tien\PROJEKTY\procesory\STM\T108_V100a\usb_mem.o
LOAD C:\tien\PROJEKTY\procesory\STM\T108_V100a\usb_regs.o
LOAD C:\tien\PROJEKTY\procesory\STM\T108_V100a\usb_desc.o
LOAD C:\tien\PROJEKTY\procesory\STM\T108_V100a\usb_istr.o
LOAD C:\tien\PROJEKTY\procesory\STM\T108_V100a\usb_prop.o
LOAD C:\tien\PROJEKTY\procesory\STM\T108_V100a\usb_pwr.o
LOAD C:\tien\PROJEKTY\procesory\STM\T108_V100a\usb_endp.o
                0x00000400                __Stack_Size = 0x400
                0x00000400                PROVIDE (_Stack_Size, __Stack_Size)
                0x2000bc00                __Stack_Init = (_estack - __Stack_Size)
                0x2000bc00                PROVIDE (_Stack_Init, __Stack_Init)
                0x00000100                _Minimum_Stack_Size = 0x100
                0x00000000                PROVIDE (Undefined_Handler, 0x0)
                0x00000000                PROVIDE (SWI_Handler, 0x0)
                0x00000000                PROVIDE (IRQ_Handler, 0x0)
                0x00000000                PROVIDE (Prefetch_Handler, 0x0)
                0x00000000                PROVIDE (Abort_Handler, 0x0)
                0x00000000                PROVIDE (FIQ_Handler, 0x0)
                0x00000000                PROVIDE (NMIException, 0x0)
                0x00000000                PROVIDE (NMI_Handler, 0x0)
                0x00000000                PROVIDE (HardFaultException, 0x0)
                0x00000000                PROVIDE (HardFault_Handler, 0x0)
                0x00000000                PROVIDE (MemManageException, 0x0)
                0x00000000                PROVIDE (MemManage_Handler, 0x0)
                0x00000000                PROVIDE (BusFaultException, 0x0)
                0x00000000                PROVIDE (BusFault_Handler, 0x0)
                0x00000000                PROVIDE (UsageFaultException, 0x0)
                0x00000000                PROVIDE (UsageFault_Handler, 0x0)
                0x00000000                PROVIDE (SVCHandler, 0x0)
                0x00000000                PROVIDE (SVC_Handler, 0x0)
                0x00000000                PROVIDE (DebugMonitor, 0x0)
                0x00000000                PROVIDE (DebugMon_Handler, 0x0)
                0x00000000                PROVIDE (PendSVC, 0x0)
                0x00000000                PROVIDE (PendSV_Handler, 0x0)
                0x00000000                PROVIDE (SysTickHandler, 0x0)
                0x00000000                PROVIDE (SysTick_Handler, 0x0)
                0x00000000                PROVIDE (WWDG_IRQHandler, 0x0)
                0x00000000                PROVIDE (PVD_IRQHandler, 0x0)
                0x00000000                PROVIDE (TAMPER_IRQHandler, 0x0)
                0x00000000                PROVIDE (RTC_IRQHandler, 0x0)
                0x00000000                PROVIDE (FLASH_IRQHandler, 0x0)
                0x00000000                PROVIDE (RCC_IRQHandler, 0x0)
                0x00000000                PROVIDE (EXTI0_IRQHandler, 0x0)
                0x00000000                PROVIDE (EXTI1_IRQHandler, 0x0)
                0x00000000                PROVIDE (EXTI2_IRQHandler, 0x0)
                0x00000000                PROVIDE (EXTI3_IRQHandler, 0x0)
                0x00000000                PROVIDE (EXTI4_IRQHandler, 0x0)
                0x00000000                PROVIDE (DMAChannel1_IRQHandler, 0x0)
                0x00000000                PROVIDE (DMAChannel2_IRQHandler, 0x0)
                0x00000000                PROVIDE (DMAChannel3_IRQHandler, 0x0)
                0x00000000                PROVIDE (DMAChannel4_IRQHandler, 0x0)
                0x00000000                PROVIDE (DMAChannel5_IRQHandler, 0x0)
                0x00000000                PROVIDE (DMAChannel6_IRQHandler, 0x0)
                0x00000000                PROVIDE (DMAChannel7_IRQHandler, 0x0)
                0x00000000                PROVIDE (DMA1_Channel1_IRQHandler, 0x0)
                0x00000000                PROVIDE (DMA1_Channel2_IRQHandler, 0x0)
                0x00000000                PROVIDE (DMA1_Channel3_IRQHandler, 0x0)
                0x00000000                PROVIDE (DMA1_Channel4_IRQHandler, 0x0)
                0x00000000                PROVIDE (DMA1_Channel5_IRQHandler, 0x0)
                0x00000000                PROVIDE (DMA1_Channel6_IRQHandler, 0x0)
                0x00000000                PROVIDE (DMA1_Channel7_IRQHandler, 0x0)
                0x00000000                PROVIDE (ADC_IRQHandler, 0x0)
                0x00000000                PROVIDE (ADC1_2_IRQHandler, 0x0)
                0x00000000                PROVIDE (USB_HP_CAN_TX_IRQHandler, 0x0)
                0x00000000                PROVIDE (USB_HP_CAN1_TX_IRQHandler, 0x0)
                0x00000000                PROVIDE (USB_LP_CAN_RX0_IRQHandler, 0x0)
                0x00000000                PROVIDE (USB_LP_CAN1_RX0_IRQHandler, 0x0)
                0x00000000                PROVIDE (CAN_RX1_IRQHandler, 0x0)
                0x00000000                PROVIDE (CAN1_RX1_IRQHandler, 0x0)
                0x00000000                PROVIDE (CAN_SCE_IRQHandler, 0x0)
                0x00000000                PROVIDE (CAN1_SCE_IRQHandler, 0x0)
                0x00000000                PROVIDE (EXTI9_5_IRQHandler, 0x0)
                0x00000000                PROVIDE (TIM1_BRK_IRQHandler, 0x0)
                0x00000000                PROVIDE (TIM1_UP_IRQHandler, 0x0)
                0x00000000                PROVIDE (TIM1_TRG_COM_IRQHandler, 0x0)
                0x00000000                PROVIDE (TIM1_CC_IRQHandler, 0x0)
                0x00000000                PROVIDE (TIM2_IRQHandler, 0x0)
                0x00000000                PROVIDE (TIM3_IRQHandler, 0x0)
                0x00000000                PROVIDE (TIM4_IRQHandler, 0x0)
                0x00000000                PROVIDE (I2C1_EV_IRQHandler, 0x0)
                0x00000000                PROVIDE (I2C1_ER_IRQHandler, 0x0)
                0x00000000                PROVIDE (I2C2_EV_IRQHandler, 0x0)
                0x00000000                PROVIDE (I2C2_ER_IRQHandler, 0x0)
                0x00000000                PROVIDE (SPI1_IRQHandler, 0x0)
                0x00000000                PROVIDE (SPI2_IRQHandler, 0x0)
                0x00000000                PROVIDE (USART1_IRQHandler, 0x0)
                0x00000000                PROVIDE (USART2_IRQHandler, 0x0)
                0x00000000                PROVIDE (USART3_IRQHandler, 0x0)
                0x00000000                PROVIDE (EXTI15_10_IRQHandler, 0x0)
                0x00000000                PROVIDE (RTCAlarm_IRQHandler, 0x0)
                0x00000000                PROVIDE (USBWakeUp_IRQHandler, 0x0)
                0x00000000                PROVIDE (TIM8_BRK_IRQHandler, 0x0)
                0x00000000                PROVIDE (TIM8_UP_IRQHandler, 0x0)
                0x00000000                PROVIDE (TIM8_TRG_COM_IRQHandler, 0x0)
                0x00000000                PROVIDE (TIM8_CC_IRQHandler, 0x0)
                0x00000000                PROVIDE (ADC3_IRQHandler, 0x0)
                0x00000000                PROVIDE (FSMC_IRQHandler, 0x0)
                0x00000000                PROVIDE (SDIO_IRQHandler, 0x0)
                0x00000000                PROVIDE (TIM5_IRQHandler, 0x0)
                0x00000000                PROVIDE (SPI3_IRQHandler, 0x0)
                0x00000000                PROVIDE (UART4_IRQHandler, 0x0)
                0x00000000                PROVIDE (UART5_IRQHandler, 0x0)
                0x00000000                PROVIDE (TIM6_IRQHandler, 0x0)
                0x00000000                PROVIDE (TIM7_IRQHandler, 0x0)
                0x00000000                PROVIDE (DMA2_Channel1_IRQHandler, 0x0)
                0x00000000                PROVIDE (DMA2_Channel2_IRQHandler, 0x0)
                0x00000000                PROVIDE (DMA2_Channel3_IRQHandler, 0x0)
                0x00000000                PROVIDE (DMA2_Channel4_5_IRQHandler, 0x0)
                0x42000000                PERIPH_BB_BASE = 0x42000000
                0x22000000                SRAM_BB_BASE = 0x22000000
                0x20000000                SRAM_BASE = 0x20000000
                0x40000000                PERIPH_BASE = 0x40000000
                0x40022000                PROVIDE (FLASH_BASE, 0x40022000)
                0x1ffff800                PROVIDE (OB_BASE, 0x1ffff800)
                0x40000000                APB1PERIPH_BASE = PERIPH_BASE
                0x40010000                APB2PERIPH_BASE = (PERIPH_BASE + 0x10000)
                0x40020000                AHBPERIPH_BASE = (PERIPH_BASE + 0x20000)
                0x40000000                PROVIDE (TIM2, (APB1PERIPH_BASE + 0x0))
                0x40000400                PROVIDE (TIM3, (APB1PERIPH_BASE + 0x400))
                0x40000800                PROVIDE (TIM4, (APB1PERIPH_BASE + 0x800))
                0x40002800                PROVIDE (RTC, (APB1PERIPH_BASE + 0x2800))
                0x40002c00                PROVIDE (WWDG, (APB1PERIPH_BASE + 0x2c00))
                0x40003000                PROVIDE (IWDG, (APB1PERIPH_BASE + 0x3000))
                0x40003800                PROVIDE (SPI2, (APB1PERIPH_BASE + 0x3800))
                0x40004400                PROVIDE (USART2, (APB1PERIPH_BASE + 0x4400))
                0x40004800                PROVIDE (USART3, (APB1PERIPH_BASE + 0x4800))
                0x40005400                PROVIDE (I2C1, (APB1PERIPH_BASE + 0x5400))
                0x40005800                PROVIDE (I2C2, (APB1PERIPH_BASE + 0x5800))
                0x40006400                PROVIDE (CAN, (APB1PERIPH_BASE + 0x6400))
                0x40006c00                PROVIDE (BKP, (APB1PERIPH_BASE + 0x6c00))
                0x40007000                PROVIDE (PWR, (APB1PERIPH_BASE + 0x7000))
                0x40010000                PROVIDE (AFIO, (APB2PERIPH_BASE + 0x0))
                0x40010400                PROVIDE (EXTI, (APB2PERIPH_BASE + 0x400))
                0x40010800                PROVIDE (GPIOA, (APB2PERIPH_BASE + 0x800))
                0x40010c00                PROVIDE (GPIOB, (APB2PERIPH_BASE + 0xc00))
                0x40011000                PROVIDE (GPIOC, (APB2PERIPH_BASE + 0x1000))
                0x40011400                PROVIDE (GPIOD, (APB2PERIPH_BASE + 0x1400))
                0x40011800                PROVIDE (GPIOE, (APB2PERIPH_BASE + 0x1800))
                0x40012400                PROVIDE (ADC1, (APB2PERIPH_BASE + 0x2400))
                0x40012800                PROVIDE (ADC2, (APB2PERIPH_BASE + 0x2800))
                0x40012c00                PROVIDE (TIM1, (APB2PERIPH_BASE + 0x2c00))
                0x40013000                PROVIDE (SPI1, (APB2PERIPH_BASE + 0x3000))
                0x40013800                PROVIDE (USART1, (APB2PERIPH_BASE + 0x3800))
                0x40020000                PROVIDE (DMA, (AHBPERIPH_BASE + 0x0))
                0x40020008                PROVIDE (DMA_Channel1, (AHBPERIPH_BASE + 0x8))
                0x4002001c                PROVIDE (DMA_Channel2, (AHBPERIPH_BASE + 0x1c))
                0x40020030                PROVIDE (DMA_Channel3, (AHBPERIPH_BASE + 0x30))
                0x40020044                PROVIDE (DMA_Channel4, (AHBPERIPH_BASE + 0x44))
                0x40020058                PROVIDE (DMA_Channel5, (AHBPERIPH_BASE + 0x58))
                0x4002006c                PROVIDE (DMA_Channel6, (AHBPERIPH_BASE + 0x6c))
                0x40020080                PROVIDE (DMA_Channel7, (AHBPERIPH_BASE + 0x80))
                0x40021000                PROVIDE (RCC, (AHBPERIPH_BASE + 0x1000))
                0xe000e000                SCS_BASE = 0xe000e000
                0xe000e010                PROVIDE (SysTick, (SCS_BASE + 0x10))
                0xe000e100                PROVIDE (NVIC, (SCS_BASE + 0x100))
                0xe000ed00                PROVIDE (SCB, (SCS_BASE + 0xd00))
                0x2000c000                _estack = 0x2000c000

.isr_vector     0x08000000      0x1e4
                0x08000000                . = ALIGN (0x4)
 *(.isr_vector)
 .isr_vector    0x08000000      0x1e4 C:\Program Files (x86)\Raisonance\Ride\lib\ARM\crt0_STM32x_HD.o
                0x08000000                g_pfnVectors
                0x080001e4                . = ALIGN (0x4)

.flashtext      0x080001e4        0x0
                0x080001e4                . = ALIGN (0x4)
 *(.flashtext)
                0x080001e4                . = ALIGN (0x4)

.text           0x080001e4     0xef00
                0x080001e4                . = ALIGN (0x4)
 *(.text)
 .text          0x080001e4       0x98 c:/program files (x86)/raisonance/ride/arm-gcc/bin/../lib/gcc/arm-none-eabi/4.3.2/../../../../arm-none-eabi/lib/thumb2\libc.a(lib_a-memcpy.o)
                0x080001e4                memcpy
 *(.text.*)
 .text.Reset_Handler
                0x0800027c       0x88 C:\Program Files (x86)\Raisonance\Ride\lib\ARM\crt0_STM32x_HD.o
                0x0800027c                Reset_Handler
 .text.FLASH_SetLatency
                0x08000304       0x18 C:\tien\PROJEKTY\procesory\STM\T108_V100a\stm32f10x_flash.o
                0x08000304                FLASH_SetLatency
 .text.FLASH_PrefetchBufferCmd
                0x0800031c       0x18 C:\tien\PROJEKTY\procesory\STM\T108_V100a\stm32f10x_flash.o
                0x0800031c                FLASH_PrefetchBufferCmd
 .text.FLASH_Unlock
                0x08000334       0x18 C:\tien\PROJEKTY\procesory\STM\T108_V100a\stm32f10x_flash.o
                0x08000334                FLASH_Unlock
 .text.FLASH_ClearFlag
                0x0800034c        0xc C:\tien\PROJEKTY\procesory\STM\T108_V100a\stm32f10x_flash.o
                0x0800034c                FLASH_ClearFlag
 .text.FLASH_GetStatus
                0x08000358       0x2c C:\tien\PROJEKTY\procesory\STM\T108_V100a\stm32f10x_flash.o
                0x08000358                FLASH_GetStatus
 .text.FLASH_WaitForLastOperation
                0x08000384       0x34 C:\tien\PROJEKTY\procesory\STM\T108_V100a\stm32f10x_flash.o
                0x08000384                FLASH_WaitForLastOperation
 .text.FLASH_ProgramWord
                0x080003b8       0x48 C:\tien\PROJEKTY\procesory\STM\T108_V100a\stm32f10x_flash.o
                0x080003b8                FLASH_ProgramWord
 .text.FLASH_ErasePage
                0x08000400       0x44 C:\tien\PROJEKTY\procesory\STM\T108_V100a\stm32f10x_flash.o
                0x08000400                FLASH_ErasePage
 .text.Pwm_Output_Handling
                0x08000444       0x28 C:\tien\PROJEKTY\procesory\STM\T108_V100a\control.o
                0x08000444                Pwm_Output_Handling
 .text.Inputs_Stop
                0x0800046c       0x38 C:\tien\PROJEKTY\procesory\STM\T108_V100a\control.o
                0x0800046c                Inputs_Stop
 .text.WG_Inputs_Closed_Handling_Function
                0x080004a4       0x10 C:\tien\PROJEKTY\procesory\STM\T108_V100a\control.o
 .text.WG_Inputs_Closed
                0x080004b4      0x188 C:\tien\PROJEKTY\procesory\STM\T108_V100a\control.o
 .text.WG_Inputs_Opened_Handling_Function
                0x0800063c       0x10 C:\tien\PROJEKTY\procesory\STM\T108_V100a\control.o
 .text.WG_Inputs_Opened
                0x0800064c      0x128 C:\tien\PROJEKTY\procesory\STM\T108_V100a\control.o
 .text.Wg_Power_On_Alerts_Release
                0x08000774       0x3c C:\tien\PROJEKTY\procesory\STM\T108_V100a\control.o
 .text.Wg_Alerts_Closing_Handling
                0x080007b0       0xe4 C:\tien\PROJEKTY\procesory\STM\T108_V100a\control.o
 .text.WG_Inputs_Closing
                0x08000894      0x1bc C:\tien\PROJEKTY\procesory\STM\T108_V100a\control.o
 .text.Wg_Alerts_Opening_Handling
                0x08000a50       0xc0 C:\tien\PROJEKTY\procesory\STM\T108_V100a\control.o
 .text.WG_Inputs_Opening
                0x08000b10       0x54 C:\tien\PROJEKTY\procesory\STM\T108_V100a\control.o
 .text.Reset_Inputs
                0x08000b64       0x3c C:\tien\PROJEKTY\procesory\STM\T108_V100a\control.o
 .text.Wg_Power_On_Alerts
                0x08000ba0       0x24 C:\tien\PROJEKTY\procesory\STM\T108_V100a\control.o
 .text.Learm_Closing_Fun
                0x08000bc4       0x2c C:\tien\PROJEKTY\procesory\STM\T108_V100a\control.o
 .text.Learm_Opening_Fun
                0x08000bf0       0x2c C:\tien\PROJEKTY\procesory\STM\T108_V100a\control.o
 .text.Inverters_Setting_Fun
                0x08000c1c       0x50 C:\tien\PROJEKTY\procesory\STM\T108_V100a\control.o
 .text.WG_Stop_Closed
                0x08000c6c      0x140 C:\tien\PROJEKTY\procesory\STM\T108_V100a\control.o
 .text.WG_Stop_Opened
                0x08000dac      0x128 C:\tien\PROJEKTY\procesory\STM\T108_V100a\control.o
 .text.Inputs_Back_Handling
                0x08000ed4       0x2c C:\tien\PROJEKTY\procesory\STM\T108_V100a\control.o
 .text.Position_Closed_1
                0x08000f00       0x6c C:\tien\PROJEKTY\procesory\STM\T108_V100a\control.o
                0x08000f00                Position_Closed_1
 .text.Position_Closed_2
                0x08000f6c       0x70 C:\tien\PROJEKTY\procesory\STM\T108_V100a\control.o
                0x08000f6c                Position_Closed_2
 .text.WG_Closing_Fun
                0x08000fdc      0x1bc C:\tien\PROJEKTY\procesory\STM\T108_V100a\control.o
 .text.Position_Opened_1
                0x08001198       0x70 C:\tien\PROJEKTY\procesory\STM\T108_V100a\control.o
                0x08001198                Position_Opened_1
 .text.Position_Opened_2
                0x08001208       0x6c C:\tien\PROJEKTY\procesory\STM\T108_V100a\control.o
                0x08001208                Position_Opened_2
 .text.WG_Opening_Fun
                0x08001274      0x1b8 C:\tien\PROJEKTY\procesory\STM\T108_V100a\control.o
 .text.Cl_Start_MS_Fun
                0x0800142c        0x4 C:\tien\PROJEKTY\procesory\STM\T108_V100a\control.o
 .text.Op_Start_MS_Fun
                0x08001430        0x4 C:\tien\PROJEKTY\procesory\STM\T108_V100a\control.o
 .text.DC_Motor_Invert_Direction
                0x08001434       0x18 C:\tien\PROJEKTY\procesory\STM\T108_V100a\control.o
 .text.Inputs_Pre_Opening
                0x0800144c      0x128 C:\tien\PROJEKTY\procesory\STM\T108_V100a\control.o
 .text.Inputs_Pre_Closing
                0x08001574      0x198 C:\tien\PROJEKTY\procesory\STM\T108_V100a\control.o
 .text.WG_Inputs_Opened_Half_Handling
                0x0800170c      0x1b4 C:\tien\PROJEKTY\procesory\STM\T108_V100a\control.o
 .text.WG_Inputs_Closed_Half_Handling
                0x080018c0      0x1b8 C:\tien\PROJEKTY\procesory\STM\T108_V100a\control.o
 .text.Release_Photo_Closing
                0x08001a78       0x30 C:\tien\PROJEKTY\procesory\STM\T108_V100a\control.o
 .text.Release_Photo_Opening
                0x08001aa8       0x30 C:\tien\PROJEKTY\procesory\STM\T108_V100a\control.o
 .text.WG_Inputs_Opened_Half
                0x08001ad8      0x2b4 C:\tien\PROJEKTY\procesory\STM\T108_V100a\control.o
 .text.WG_Inputs_Closed_Half
                0x08001d8c      0x268 C:\tien\PROJEKTY\procesory\STM\T108_V100a\control.o
 .text.WG_Stop_Opened_Half
                0x08001ff4      0x218 C:\tien\PROJEKTY\procesory\STM\T108_V100a\control.o
 .text.WG_Stop_Release_Fun
                0x0800220c      0x178 C:\tien\PROJEKTY\procesory\STM\T108_V100a\control.o
 .text.Learm_Opened_Fun
                0x08002384       0x9c C:\tien\PROJEKTY\procesory\STM\T108_V100a\control.o
 .text.Learm_Standby_Fun
                0x08002420       0x58 C:\tien\PROJEKTY\procesory\STM\T108_V100a\control.o
 .text.Wait_4_Learn_Fun
                0x08002478       0x58 C:\tien\PROJEKTY\procesory\STM\T108_V100a\control.o
 .text.Cl_Al_Stop_Fun
                0x080024d0       0x44 C:\tien\PROJEKTY\procesory\STM\T108_V100a\control.o
                0x080024d0                Cl_Al_Stop_Fun
 .text.Op_Al_Stop_Fun
                0x08002514       0x44 C:\tien\PROJEKTY\procesory\STM\T108_V100a\control.o
                0x08002514                Op_Al_Stop_Fun
 .text.Wg_Alerts_Opening_Release
                0x08002558      0x1f8 C:\tien\PROJEKTY\procesory\STM\T108_V100a\control.o
 .text.Wg_Alerts_Release
                0x08002750      0x1e4 C:\tien\PROJEKTY\procesory\STM\T108_V100a\control.o
 .text.Inverters_Speed_Control
                0x08002934      0x3cc C:\tien\PROJEKTY\procesory\STM\T108_V100a\control.o
 .text.Closing_Pre_Worning_Fun
                0x08002d00       0xe4 C:\tien\PROJEKTY\procesory\STM\T108_V100a\control.o
 .text.Opening_Pre_Worning_Fun
                0x08002de4       0xf0 C:\tien\PROJEKTY\procesory\STM\T108_V100a\control.o
 .text.Gate_Opened_Fun
                0x08002ed4      0x2c8 C:\tien\PROJEKTY\procesory\STM\T108_V100a\control.o
 .text.WG_Power_On_Fun
                0x0800319c      0x274 C:\tien\PROJEKTY\procesory\STM\T108_V100a\control.o
 .text.Inputs_Alert
                0x08003410      0x130 C:\tien\PROJEKTY\procesory\STM\T108_V100a\control.o
                0x08003410                Inputs_Alert
 .text.Learm_Closed_Fun
                0x08003540       0x48 C:\tien\PROJEKTY\procesory\STM\T108_V100a\control.o
 .text.On_Off_Output_Handling
                0x08003588       0x3c C:\tien\PROJEKTY\procesory\STM\T108_V100a\control.o
                0x08003588                On_Off_Output_Handling
 .text.Control  0x080035c4      0x4bc C:\tien\PROJEKTY\procesory\STM\T108_V100a\control.o
                0x080035c4                Control
 .text.System_Timer_Setting
                0x08003a80       0x10 C:\tien\PROJEKTY\procesory\STM\T108_V100a\sys.o
                0x08003a80                System_Timer_Setting
 .text.System_Timer_Check
                0x08003a90       0x18 C:\tien\PROJEKTY\procesory\STM\T108_V100a\sys.o
                0x08003a90                System_Timer_Check
 .text.Sys_Init
                0x08003aa8      0x140 C:\tien\PROJEKTY\procesory\STM\T108_V100a\sys.o
                0x08003aa8                Sys_Init
 .text.Square_Generator
                0x08003be8       0x40 C:\tien\PROJEKTY\procesory\STM\T108_V100a\sys.o
                0x08003be8                Square_Generator
 .text.Enable_Manual_Control
                0x08003c28       0x14 C:\tien\PROJEKTY\procesory\STM\T108_V100a\sys.o
                0x08003c28                Enable_Manual_Control
 .text.Disable_Manual_Control
                0x08003c3c       0x24 C:\tien\PROJEKTY\procesory\STM\T108_V100a\sys.o
                0x08003c3c                Disable_Manual_Control
 .text.Disable_Manual_Values
                0x08003c60       0x14 C:\tien\PROJEKTY\procesory\STM\T108_V100a\sys.o
                0x08003c60                Disable_Manual_Values
 .text.CRC16_CCITT
                0x08003c74       0x58 C:\tien\PROJEKTY\procesory\STM\T108_V100a\sys.o
                0x08003c74                CRC16_CCITT
 .text.Analog_Inputs_Fun
                0x08003ccc       0x60 C:\tien\PROJEKTY\procesory\STM\T108_V100a\sys.o
                0x08003ccc                Analog_Inputs_Fun
 .text.Motors_Enable_Fun
                0x08003d2c      0x174 C:\tien\PROJEKTY\procesory\STM\T108_V100a\sys.o
                0x08003d2c                Motors_Enable_Fun
 .text.Status_Handling
                0x08003ea0       0x98 C:\tien\PROJEKTY\procesory\STM\T108_V100a\sys.o
                0x08003ea0                Status_Handling
 .text.Relays_Handling
                0x08003f38      0x2d0 C:\tien\PROJEKTY\procesory\STM\T108_V100a\sys.o
                0x08003f38                Relays_Handling
 .text.AS5040_Angle_Handling
                0x08004208       0xd4 C:\tien\PROJEKTY\procesory\STM\T108_V100a\sys.o
                0x08004208                AS5040_Angle_Handling
 .text.Motor_24VDC_handling
                0x080042dc       0x38 C:\tien\PROJEKTY\procesory\STM\T108_V100a\sys.o
                0x080042dc                Motor_24VDC_handling
 .text.Inputs_On_Off
                0x08004314       0x2c C:\tien\PROJEKTY\procesory\STM\T108_V100a\sys.o
                0x08004314                Inputs_On_Off
 .text.Inputs_Handling
                0x08004340      0x4bc C:\tien\PROJEKTY\procesory\STM\T108_V100a\sys.o
                0x08004340                Inputs_Handling
 .text.RS485_Send
                0x080047fc      0x608 C:\tien\PROJEKTY\procesory\STM\T108_V100a\sys.o
                0x080047fc                RS485_Send
 .text.Input_Output_Test
                0x08004e04      0x104 C:\tien\PROJEKTY\procesory\STM\T108_V100a\sys.o
                0x08004e04                Input_Output_Test
 .text.Keyboard_Handling
                0x08004f08      0x410 C:\tien\PROJEKTY\procesory\STM\T108_V100a\sys.o
                0x08004f08                Keyboard_Handling
 .text.Analog_Measure
                0x08005318       0x80 C:\tien\PROJEKTY\procesory\STM\T108_V100a\sys.o
                0x08005318                Analog_Measure
 .text.Sys_sys  0x08005398       0xa4 C:\tien\PROJEKTY\procesory\STM\T108_V100a\sys.o
                0x08005398                Sys_sys
 .text.NMIException
                0x0800543c        0x4 C:\tien\PROJEKTY\procesory\STM\T108_V100a\stm32f10x_it.o
                0x0800543c                NMIException
 .text.HardFaultException
                0x08005440        0x4 C:\tien\PROJEKTY\procesory\STM\T108_V100a\stm32f10x_it.o
                0x08005440                HardFaultException
 .text.MemManageException
                0x08005444        0x4 C:\tien\PROJEKTY\procesory\STM\T108_V100a\stm32f10x_it.o
                0x08005444                MemManageException
 .text.BusFaultException
                0x08005448        0x4 C:\tien\PROJEKTY\procesory\STM\T108_V100a\stm32f10x_it.o
                0x08005448                BusFaultException
 .text.UsageFaultException
                0x0800544c        0x4 C:\tien\PROJEKTY\procesory\STM\T108_V100a\stm32f10x_it.o
                0x0800544c                UsageFaultException
 .text.DebugMonitor
                0x08005450        0x4 C:\tien\PROJEKTY\procesory\STM\T108_V100a\stm32f10x_it.o
                0x08005450                DebugMonitor
 .text.SVCHandler
                0x08005454        0x4 C:\tien\PROJEKTY\procesory\STM\T108_V100a\stm32f10x_it.o
                0x08005454                SVCHandler
 .text.PendSVC  0x08005458        0x4 C:\tien\PROJEKTY\procesory\STM\T108_V100a\stm32f10x_it.o
                0x08005458                PendSVC
 .text.SysTickHandler
                0x0800545c       0x8c C:\tien\PROJEKTY\procesory\STM\T108_V100a\stm32f10x_it.o
                0x0800545c                SysTickHandler
 .text.WWDG_IRQHandler
                0x080054e8        0x4 C:\tien\PROJEKTY\procesory\STM\T108_V100a\stm32f10x_it.o
                0x080054e8                WWDG_IRQHandler
 .text.PVD_IRQHandler
                0x080054ec        0x4 C:\tien\PROJEKTY\procesory\STM\T108_V100a\stm32f10x_it.o
                0x080054ec                PVD_IRQHandler
 .text.TAMPER_IRQHandler
                0x080054f0        0x4 C:\tien\PROJEKTY\procesory\STM\T108_V100a\stm32f10x_it.o
                0x080054f0                TAMPER_IRQHandler
 .text.FLASH_IRQHandler
                0x080054f4        0x4 C:\tien\PROJEKTY\procesory\STM\T108_V100a\stm32f10x_it.o
                0x080054f4                FLASH_IRQHandler
 .text.RCC_IRQHandler
                0x080054f8        0x4 C:\tien\PROJEKTY\procesory\STM\T108_V100a\stm32f10x_it.o
                0x080054f8                RCC_IRQHandler
 .text.EXTI0_IRQHandler
                0x080054fc        0x4 C:\tien\PROJEKTY\procesory\STM\T108_V100a\stm32f10x_it.o
                0x080054fc                EXTI0_IRQHandler
 .text.EXTI1_IRQHandler
                0x08005500        0x4 C:\tien\PROJEKTY\procesory\STM\T108_V100a\stm32f10x_it.o
                0x08005500                EXTI1_IRQHandler
 .text.EXTI2_IRQHandler
                0x08005504        0x4 C:\tien\PROJEKTY\procesory\STM\T108_V100a\stm32f10x_it.o
                0x08005504                EXTI2_IRQHandler
 .text.EXTI3_IRQHandler
                0x08005508        0x4 C:\tien\PROJEKTY\procesory\STM\T108_V100a\stm32f10x_it.o
                0x08005508                EXTI3_IRQHandler
 .text.EXTI4_IRQHandler
                0x0800550c        0x4 C:\tien\PROJEKTY\procesory\STM\T108_V100a\stm32f10x_it.o
                0x0800550c                EXTI4_IRQHandler
 .text.DMA1_Channel2_IRQHandler
                0x08005510        0x4 C:\tien\PROJEKTY\procesory\STM\T108_V100a\stm32f10x_it.o
                0x08005510                DMA1_Channel2_IRQHandler
 .text.DMA1_Channel3_IRQHandler
                0x08005514        0x4 C:\tien\PROJEKTY\procesory\STM\T108_V100a\stm32f10x_it.o
                0x08005514                DMA1_Channel3_IRQHandler
 .text.DMA1_Channel5_IRQHandler
                0x08005518        0x4 C:\tien\PROJEKTY\procesory\STM\T108_V100a\stm32f10x_it.o
                0x08005518                DMA1_Channel5_IRQHandler
 .text.DMA1_Channel6_IRQHandler
                0x0800551c        0x4 C:\tien\PROJEKTY\procesory\STM\T108_V100a\stm32f10x_it.o
                0x0800551c                DMA1_Channel6_IRQHandler
 .text.DMA1_Channel7_IRQHandler
                0x08005520        0x4 C:\tien\PROJEKTY\procesory\STM\T108_V100a\stm32f10x_it.o
                0x08005520                DMA1_Channel7_IRQHandler
 .text.ADC1_2_IRQHandler
                0x08005524        0x4 C:\tien\PROJEKTY\procesory\STM\T108_V100a\stm32f10x_it.o
                0x08005524                ADC1_2_IRQHandler
 .text.USB_HP_CAN_TX_IRQHandler
                0x08005528        0x4 C:\tien\PROJEKTY\procesory\STM\T108_V100a\stm32f10x_it.o
                0x08005528                USB_HP_CAN_TX_IRQHandler
 .text.CAN_RX1_IRQHandler
                0x0800552c        0x4 C:\tien\PROJEKTY\procesory\STM\T108_V100a\stm32f10x_it.o
                0x0800552c                CAN_RX1_IRQHandler
 .text.CAN_SCE_IRQHandler
                0x08005530        0x4 C:\tien\PROJEKTY\procesory\STM\T108_V100a\stm32f10x_it.o
                0x08005530                CAN_SCE_IRQHandler
 .text.EXTI9_5_IRQHandler
                0x08005534        0x4 C:\tien\PROJEKTY\procesory\STM\T108_V100a\stm32f10x_it.o
                0x08005534                EXTI9_5_IRQHandler
 .text.TIM1_BRK_IRQHandler
                0x08005538        0x4 C:\tien\PROJEKTY\procesory\STM\T108_V100a\stm32f10x_it.o
                0x08005538                TIM1_BRK_IRQHandler
 .text.TIM1_UP_IRQHandler
                0x0800553c        0x4 C:\tien\PROJEKTY\procesory\STM\T108_V100a\stm32f10x_it.o
                0x0800553c                TIM1_UP_IRQHandler
 .text.TIM1_TRG_COM_IRQHandler
                0x08005540        0x4 C:\tien\PROJEKTY\procesory\STM\T108_V100a\stm32f10x_it.o
                0x08005540                TIM1_TRG_COM_IRQHandler
 .text.TIM1_CC_IRQHandler
                0x08005544        0x4 C:\tien\PROJEKTY\procesory\STM\T108_V100a\stm32f10x_it.o
                0x08005544                TIM1_CC_IRQHandler
 .text.TIM2_IRQHandler
                0x08005548        0x4 C:\tien\PROJEKTY\procesory\STM\T108_V100a\stm32f10x_it.o
                0x08005548                TIM2_IRQHandler
 .text.TIM4_IRQHandler
                0x0800554c        0x4 C:\tien\PROJEKTY\procesory\STM\T108_V100a\stm32f10x_it.o
                0x0800554c                TIM4_IRQHandler
 .text.I2C1_EV_IRQHandler
                0x08005550        0x4 C:\tien\PROJEKTY\procesory\STM\T108_V100a\stm32f10x_it.o
                0x08005550                I2C1_EV_IRQHandler
 .text.I2C1_ER_IRQHandler
                0x08005554        0x4 C:\tien\PROJEKTY\procesory\STM\T108_V100a\stm32f10x_it.o
                0x08005554                I2C1_ER_IRQHandler
 .text.I2C2_EV_IRQHandler
                0x08005558        0x4 C:\tien\PROJEKTY\procesory\STM\T108_V100a\stm32f10x_it.o
                0x08005558                I2C2_EV_IRQHandler
 .text.I2C2_ER_IRQHandler
                0x0800555c        0x4 C:\tien\PROJEKTY\procesory\STM\T108_V100a\stm32f10x_it.o
                0x0800555c                I2C2_ER_IRQHandler
 .text.SPI1_IRQHandler
                0x08005560        0x4 C:\tien\PROJEKTY\procesory\STM\T108_V100a\stm32f10x_it.o
                0x08005560                SPI1_IRQHandler
 .text.SPI2_IRQHandler
                0x08005564        0x4 C:\tien\PROJEKTY\procesory\STM\T108_V100a\stm32f10x_it.o
                0x08005564                SPI2_IRQHandler
 .text.USART2_IRQHandler
                0x08005568        0x4 C:\tien\PROJEKTY\procesory\STM\T108_V100a\stm32f10x_it.o
                0x08005568                USART2_IRQHandler
 .text.USART3_IRQHandler
                0x0800556c        0x4 C:\tien\PROJEKTY\procesory\STM\T108_V100a\stm32f10x_it.o
                0x0800556c                USART3_IRQHandler
 .text.RTCAlarm_IRQHandler
                0x08005570        0x4 C:\tien\PROJEKTY\procesory\STM\T108_V100a\stm32f10x_it.o
                0x08005570                RTCAlarm_IRQHandler
 .text.USBWakeUp_IRQHandler
                0x08005574        0x4 C:\tien\PROJEKTY\procesory\STM\T108_V100a\stm32f10x_it.o
                0x08005574                USBWakeUp_IRQHandler
 .text.TIM8_BRK_IRQHandler
                0x08005578        0x4 C:\tien\PROJEKTY\procesory\STM\T108_V100a\stm32f10x_it.o
                0x08005578                TIM8_BRK_IRQHandler
 .text.TIM8_UP_IRQHandler
                0x0800557c        0x4 C:\tien\PROJEKTY\procesory\STM\T108_V100a\stm32f10x_it.o
                0x0800557c                TIM8_UP_IRQHandler
 .text.TIM8_TRG_COM_IRQHandler
                0x08005580        0x4 C:\tien\PROJEKTY\procesory\STM\T108_V100a\stm32f10x_it.o
                0x08005580                TIM8_TRG_COM_IRQHandler
 .text.TIM8_CC_IRQHandler
                0x08005584        0x4 C:\tien\PROJEKTY\procesory\STM\T108_V100a\stm32f10x_it.o
                0x08005584                TIM8_CC_IRQHandler
 .text.ADC3_IRQHandler
                0x08005588        0x4 C:\tien\PROJEKTY\procesory\STM\T108_V100a\stm32f10x_it.o
                0x08005588                ADC3_IRQHandler
 .text.FSMC_IRQHandler
                0x0800558c        0x4 C:\tien\PROJEKTY\procesory\STM\T108_V100a\stm32f10x_it.o
                0x0800558c                FSMC_IRQHandler
 .text.SDIO_IRQHandler
                0x08005590        0x4 C:\tien\PROJEKTY\procesory\STM\T108_V100a\stm32f10x_it.o
                0x08005590                SDIO_IRQHandler
 .text.TIM5_IRQHandler
                0x08005594        0x4 C:\tien\PROJEKTY\procesory\STM\T108_V100a\stm32f10x_it.o
                0x08005594                TIM5_IRQHandler
 .text.SPI3_IRQHandler
                0x08005598        0x4 C:\tien\PROJEKTY\procesory\STM\T108_V100a\stm32f10x_it.o
                0x08005598                SPI3_IRQHandler
 .text.UART4_IRQHandler
                0x0800559c        0x4 C:\tien\PROJEKTY\procesory\STM\T108_V100a\stm32f10x_it.o
                0x0800559c                UART4_IRQHandler
 .text.UART5_IRQHandler
                0x080055a0        0x4 C:\tien\PROJEKTY\procesory\STM\T108_V100a\stm32f10x_it.o
                0x080055a0                UART5_IRQHandler
 .text.TIM6_IRQHandler
                0x080055a4        0x4 C:\tien\PROJEKTY\procesory\STM\T108_V100a\stm32f10x_it.o
                0x080055a4                TIM6_IRQHandler
 .text.TIM7_IRQHandler
                0x080055a8        0x4 C:\tien\PROJEKTY\procesory\STM\T108_V100a\stm32f10x_it.o
                0x080055a8                TIM7_IRQHandler
 .text.DMA2_Channel1_IRQHandler
                0x080055ac        0x4 C:\tien\PROJEKTY\procesory\STM\T108_V100a\stm32f10x_it.o
                0x080055ac                DMA2_Channel1_IRQHandler
 .text.DMA2_Channel2_IRQHandler
                0x080055b0        0x4 C:\tien\PROJEKTY\procesory\STM\T108_V100a\stm32f10x_it.o
                0x080055b0                DMA2_Channel2_IRQHandler
 .text.DMA2_Channel3_IRQHandler
                0x080055b4        0x4 C:\tien\PROJEKTY\procesory\STM\T108_V100a\stm32f10x_it.o
                0x080055b4                DMA2_Channel3_IRQHandler
 .text.DMA2_Channel4_5_IRQHandler
                0x080055b8        0x4 C:\tien\PROJEKTY\procesory\STM\T108_V100a\stm32f10x_it.o
                0x080055b8                DMA2_Channel4_5_IRQHandler
 .text.EXTI15_10_IRQHandler
                0x080055bc       0x7c C:\tien\PROJEKTY\procesory\STM\T108_V100a\stm32f10x_it.o
                0x080055bc                EXTI15_10_IRQHandler
 .text.USART1_IRQHandler
                0x08005638       0x60 C:\tien\PROJEKTY\procesory\STM\T108_V100a\stm32f10x_it.o
                0x08005638                USART1_IRQHandler
 .text.TIM3_IRQHandler
                0x08005698       0x74 C:\tien\PROJEKTY\procesory\STM\T108_V100a\stm32f10x_it.o
                0x08005698                TIM3_IRQHandler
 .text.USB_LP_CAN_RX0_IRQHandler
                0x0800570c        0x8 C:\tien\PROJEKTY\procesory\STM\T108_V100a\stm32f10x_it.o
                0x0800570c                USB_LP_CAN_RX0_IRQHandler
 .text.DMA1_Channel4_IRQHandler
                0x08005714       0x48 C:\tien\PROJEKTY\procesory\STM\T108_V100a\stm32f10x_it.o
                0x08005714                DMA1_Channel4_IRQHandler
 .text.DMA1_Channel1_IRQHandler
                0x0800575c       0x1c C:\tien\PROJEKTY\procesory\STM\T108_V100a\stm32f10x_it.o
                0x0800575c                DMA1_Channel1_IRQHandler
 .text.RTC_IRQHandler
                0x08005778       0x2c C:\tien\PROJEKTY\procesory\STM\T108_V100a\stm32f10x_it.o
                0x08005778                RTC_IRQHandler
 .text.IsLeapYear
                0x080057a4       0x34 C:\tien\PROJEKTY\procesory\STM\T108_V100a\RTC.o
                0x080057a4                IsLeapYear
 .text.Update_Date
                0x080057d8       0x94 C:\tien\PROJEKTY\procesory\STM\T108_V100a\RTC.o
                0x080057d8                Update_Date
 .text.Date_2_Days
                0x0800586c       0x78 C:\tien\PROJEKTY\procesory\STM\T108_V100a\RTC.o
                0x0800586c                Date_2_Days
 .text.RTC_WaitForLastTaskTimeout
                0x080058e4       0x3c C:\tien\PROJEKTY\procesory\STM\T108_V100a\RTC.o
                0x080058e4                RTC_WaitForLastTaskTimeout
 .text.RTC_WaitForSynchroTimeout
                0x08005920       0x4c C:\tien\PROJEKTY\procesory\STM\T108_V100a\RTC.o
                0x08005920                RTC_WaitForSynchroTimeout
 .text.Write_Date
                0x0800596c       0x28 C:\tien\PROJEKTY\procesory\STM\T108_V100a\RTC.o
                0x0800596c                Write_Date
 .text.Update_Time
                0x08005994       0x24 C:\tien\PROJEKTY\procesory\STM\T108_V100a\RTC.o
                0x08005994                Update_Time
 .text.Read_Time
                0x080059b8       0x40 C:\tien\PROJEKTY\procesory\STM\T108_V100a\RTC.o
                0x080059b8                Read_Time
 .text.Read_Date
                0x080059f8       0x2c C:\tien\PROJEKTY\procesory\STM\T108_V100a\RTC.o
                0x080059f8                Read_Date
 .text.RTC_Handler
                0x08005a24       0x68 C:\tien\PROJEKTY\procesory\STM\T108_V100a\RTC.o
                0x08005a24                RTC_Handler
 .text.RTC_Init
                0x08005a8c       0xf8 C:\tien\PROJEKTY\procesory\STM\T108_V100a\RTC.o
                0x08005a8c                RTC_Init
 .text.main     0x08005b84       0x34 C:\tien\PROJEKTY\procesory\STM\T108_V100a\main.o
                0x08005b84                main
 .text.Lcd_Delay
                0x08005bb8       0x28 C:\tien\PROJEKTY\procesory\STM\T108_V100a\lcd.o
                0x08005bb8                Lcd_Delay
 .text.Lcd_Set_Address
                0x08005be0       0x18 C:\tien\PROJEKTY\procesory\STM\T108_V100a\lcd.o
                0x08005be0                Lcd_Set_Address
 .text.Lcd_Write_Buffer
                0x08005bf8       0x44 C:\tien\PROJEKTY\procesory\STM\T108_V100a\lcd.o
                0x08005bf8                Lcd_Write_Buffer
 .text.Lcd_Clear_Buffer
                0x08005c3c       0x24 C:\tien\PROJEKTY\procesory\STM\T108_V100a\lcd.o
                0x08005c3c                Lcd_Clear_Buffer
 .text.Lcd_Cmd  0x08005c60      0x104 C:\tien\PROJEKTY\procesory\STM\T108_V100a\lcd.o
                0x08005c60                Lcd_Cmd
 .text.Lcd_Data
                0x08005d64      0x100 C:\tien\PROJEKTY\procesory\STM\T108_V100a\lcd.o
                0x08005d64                Lcd_Data
 .text.Lcd_Load_Buffer
                0x08005e64       0x70 C:\tien\PROJEKTY\procesory\STM\T108_V100a\lcd.o
                0x08005e64                Lcd_Load_Buffer
 .text.Lcd_Write_Text
                0x08005ed4       0x18 C:\tien\PROJEKTY\procesory\STM\T108_V100a\lcd.o
                0x08005ed4                Lcd_Write_Text
 .text.Lcd_Init
                0x08005eec       0x38 C:\tien\PROJEKTY\procesory\STM\T108_V100a\lcd.o
                0x08005eec                Lcd_Init
 .text.Registers_Init
                0x08005f24       0x2c C:\tien\PROJEKTY\procesory\STM\T108_V100a\hardware.o
                0x08005f24                Registers_Init
 .text.Enter_LowPowerMode
                0x08005f50        0xc C:\tien\PROJEKTY\procesory\STM\T108_V100a\hardware.o
                0x08005f50                Enter_LowPowerMode
 .text.Leave_LowPowerMode
                0x08005f5c       0x1c C:\tien\PROJEKTY\procesory\STM\T108_V100a\hardware.o
                0x08005f5c                Leave_LowPowerMode
 .text.Get_SerialNum
                0x08005f78       0x54 C:\tien\PROJEKTY\procesory\STM\T108_V100a\hardware.o
                0x08005f78                Get_SerialNum
 .text.UART_Send
                0x08005fcc       0x84 C:\tien\PROJEKTY\procesory\STM\T108_V100a\hardware.o
                0x08005fcc                UART_Send
 .text.DMA_Configuration
                0x08006050       0x5c C:\tien\PROJEKTY\procesory\STM\T108_V100a\hardware.o
                0x08006050                DMA_Configuration
 .text.Set_USBClock
                0x080060ac       0x14 C:\tien\PROJEKTY\procesory\STM\T108_V100a\hardware.o
                0x080060ac                Set_USBClock
 .text.EXTI_Configuration
                0x080060c0       0x30 C:\tien\PROJEKTY\procesory\STM\T108_V100a\hardware.o
                0x080060c0                EXTI_Configuration
 .text.FLASH_Init
                0x080060f0       0x10 C:\tien\PROJEKTY\procesory\STM\T108_V100a\hardware.o
                0x080060f0                FLASH_Init
 .text.WWDT_Handler
                0x08006100       0x10 C:\tien\PROJEKTY\procesory\STM\T108_V100a\hardware.o
                0x08006100                WWDT_Handler
 .text.WWDT_Init
                0x08006110       0x38 C:\tien\PROJEKTY\procesory\STM\T108_V100a\hardware.o
                0x08006110                WWDT_Init
 .text.USART_Configuration
                0x08006148       0x44 C:\tien\PROJEKTY\procesory\STM\T108_V100a\hardware.o
                0x08006148                USART_Configuration
 .text.Adc_Configuration
                0x0800618c       0xc4 C:\tien\PROJEKTY\procesory\STM\T108_V100a\hardware.o
                0x0800618c                Adc_Configuration
 .text.SPI_Configuration
                0x08006250       0x44 C:\tien\PROJEKTY\procesory\STM\T108_V100a\hardware.o
                0x08006250                SPI_Configuration
 .text.Tim_Coufiguration
                0x08006294       0xd8 C:\tien\PROJEKTY\procesory\STM\T108_V100a\hardware.o
                0x08006294                Tim_Coufiguration
 .text.NVIC_Configuration
                0x0800636c       0x88 C:\tien\PROJEKTY\procesory\STM\T108_V100a\hardware.o
                0x0800636c                NVIC_Configuration
 .text.GPIO_Configuration
                0x080063f4      0x1b0 C:\tien\PROJEKTY\procesory\STM\T108_V100a\hardware.o
                0x080063f4                GPIO_Configuration
 .text.RCC_Configuration
                0x080065a4       0xac C:\tien\PROJEKTY\procesory\STM\T108_V100a\hardware.o
                0x080065a4                RCC_Configuration
 .text.Hardware_Init
                0x08006650       0x48 C:\tien\PROJEKTY\procesory\STM\T108_V100a\hardware.o
                0x08006650                Hardware_Init
 .text.Bin2String
                0x08006698      0x104 C:\tien\PROJEKTY\procesory\STM\T108_V100a\gui.o
                0x08006698                Bin2String
 .text.Menu_Keyboard
                0x0800679c       0xa8 C:\tien\PROJEKTY\procesory\STM\T108_V100a\gui.o
                0x0800679c                Menu_Keyboard
 .text.Keyboard_Edit_Variable
                0x08006844       0xe8 C:\tien\PROJEKTY\procesory\STM\T108_V100a\gui.o
 .text.First_Editable_Variable
                0x0800692c       0x34 C:\tien\PROJEKTY\procesory\STM\T108_V100a\gui.o
 .text.Next_Editable_Variable
                0x08006960       0x28 C:\tien\PROJEKTY\procesory\STM\T108_V100a\gui.o
 .text.Keyboard_Standby
                0x08006988       0x34 C:\tien\PROJEKTY\procesory\STM\T108_V100a\gui.o
 .text.Keyboard_Enable
                0x080069bc       0x74 C:\tien\PROJEKTY\procesory\STM\T108_V100a\gui.o
 .text.Keyboard_Menu
                0x08006a30      0x150 C:\tien\PROJEKTY\procesory\STM\T108_V100a\gui.o
 .text.Keyboard_Submenu1
                0x08006b80      0x104 C:\tien\PROJEKTY\procesory\STM\T108_V100a\gui.o
 .text.Keyboard_Submenu3
                0x08006c84       0xfc C:\tien\PROJEKTY\procesory\STM\T108_V100a\gui.o
 .text.Keyboard_Licencja
                0x08006d80       0xa8 C:\tien\PROJEKTY\procesory\STM\T108_V100a\gui.o
 .text.Keyboard_Czujniki_Menu
                0x08006e28       0xf8 C:\tien\PROJEKTY\procesory\STM\T108_V100a\gui.o
 .text.Keyboard_Prog_Testowy
                0x08006f20       0xc4 C:\tien\PROJEKTY\procesory\STM\T108_V100a\gui.o
 .text.Keyboard_Ster_Blokowany
                0x08006fe4       0x48 C:\tien\PROJEKTY\procesory\STM\T108_V100a\gui.o
 .text.Keyboard_Odczyt_Serwisowy
                0x0800702c       0x74 C:\tien\PROJEKTY\procesory\STM\T108_V100a\gui.o
 .text.Keyboard_Kontakt
                0x080070a0       0x54 C:\tien\PROJEKTY\procesory\STM\T108_V100a\gui.o
 .text.Keyboard_Info
                0x080070f4       0x54 C:\tien\PROJEKTY\procesory\STM\T108_V100a\gui.o
 .text.Keyboard_Alert_Error
                0x08007148       0x40 C:\tien\PROJEKTY\procesory\STM\T108_V100a\gui.o
 .text.Lock_Init
                0x08007188       0x2c C:\tien\PROJEKTY\procesory\STM\T108_V100a\gui.o
                0x08007188                Lock_Init
 .text.Keyboard_Test_WeWy
                0x080071b4       0x68 C:\tien\PROJEKTY\procesory\STM\T108_V100a\gui.o
 .text.Keyboard_Submenu4
                0x0800721c      0x12c C:\tien\PROJEKTY\procesory\STM\T108_V100a\gui.o
 .text.Keyboard_Data
                0x08007348       0xb8 C:\tien\PROJEKTY\procesory\STM\T108_V100a\gui.o
 .text.Update_Counters
                0x08007400       0x1c C:\tien\PROJEKTY\procesory\STM\T108_V100a\gui.o
                0x08007400                Update_Counters
 .text.Write_Settings
                0x0800741c       0xa0 C:\tien\PROJEKTY\procesory\STM\T108_V100a\gui.o
                0x0800741c                Write_Settings
 .text.Keyboard_Odblokuj
                0x080074bc      0x12c C:\tien\PROJEKTY\procesory\STM\T108_V100a\gui.o
 .text.Keyboard_Ust_Serwisowe
                0x080075e8       0xe8 C:\tien\PROJEKTY\procesory\STM\T108_V100a\gui.o
 .text.Keyboard_Licznik_Pracy
                0x080076d0       0xa8 C:\tien\PROJEKTY\procesory\STM\T108_V100a\gui.o
 .text.Keyboard_RTC
                0x08007778       0xa0 C:\tien\PROJEKTY\procesory\STM\T108_V100a\gui.o
 .text.Keyboard_Zer_Licznikow
                0x08007818       0x74 C:\tien\PROJEKTY\procesory\STM\T108_V100a\gui.o
 .text.Keyboard_Ust_Blokady
                0x0800788c       0xe4 C:\tien\PROJEKTY\procesory\STM\T108_V100a\gui.o
 .text.Keyboard_Zmiana_Hasel
                0x08007970       0xb0 C:\tien\PROJEKTY\procesory\STM\T108_V100a\gui.o
 .text.Keyboard_Jezyk
                0x08007a20       0xa0 C:\tien\PROJEKTY\procesory\STM\T108_V100a\gui.o
 .text.Keyboard_Czujniki2
                0x08007ac0       0xe8 C:\tien\PROJEKTY\procesory\STM\T108_V100a\gui.o
 .text.Keyboard_Czujniki1
                0x08007ba8      0x120 C:\tien\PROJEKTY\procesory\STM\T108_V100a\gui.o
 .text.Keyboard_Ustaw_Wyjsc_Przek
                0x08007cc8       0xc4 C:\tien\PROJEKTY\procesory\STM\T108_V100a\gui.o
 .text.Keyboard_Ustaw_Wejsc_Ster
                0x08007d8c       0xc4 C:\tien\PROJEKTY\procesory\STM\T108_V100a\gui.o
 .text.Keyboard_Ustaw_Wejsc
                0x08007e50       0xc4 C:\tien\PROJEKTY\procesory\STM\T108_V100a\gui.o
 .text.Keyboard_Listwy
                0x08007f14       0xc4 C:\tien\PROJEKTY\procesory\STM\T108_V100a\gui.o
 .text.Keyboard_Prad
                0x08007fd8       0xc4 C:\tien\PROJEKTY\procesory\STM\T108_V100a\gui.o
 .text.Keyboard_Brama_Motor
                0x0800809c       0xe8 C:\tien\PROJEKTY\procesory\STM\T108_V100a\gui.o
 .text.Keyboard_Haslo
                0x08008184      0x110 C:\tien\PROJEKTY\procesory\STM\T108_V100a\gui.o
 .text.Keyboard_Fabryczne
                0x08008294      0x108 C:\tien\PROJEKTY\procesory\STM\T108_V100a\gui.o
 .text.Keyboard_Funkcje1
                0x0800839c       0x68 C:\tien\PROJEKTY\procesory\STM\T108_V100a\gui.o
 .text.Keyboard_Submenu2
                0x08008404       0xe0 C:\tien\PROJEKTY\procesory\STM\T108_V100a\gui.o
 .text.Lock_Handling
                0x080084e4       0x40 C:\tien\PROJEKTY\procesory\STM\T108_V100a\gui.o
                0x080084e4                Lock_Handling
 .text.Update_Lock_Counter
                0x08008524       0x20 C:\tien\PROJEKTY\procesory\STM\T108_V100a\gui.o
                0x08008524                Update_Lock_Counter
 .text.Read_Settings
                0x08008544      0x134 C:\tien\PROJEKTY\procesory\STM\T108_V100a\gui.o
                0x08008544                Read_Settings
 .text.Gui_Init
                0x08008678       0x24 C:\tien\PROJEKTY\procesory\STM\T108_V100a\gui.o
                0x08008678                Gui_Init
 .text.Display_On_Screen
                0x0800869c      0x324 C:\tien\PROJEKTY\procesory\STM\T108_V100a\gui.o
                0x0800869c                Display_On_Screen
 .text.Gui      0x080089c0      0x28c C:\tien\PROJEKTY\procesory\STM\T108_V100a\gui.o
                0x080089c0                Gui
 .text.Standard_GetConfiguration
                0x08008c4c       0x28 C:\tien\PROJEKTY\procesory\STM\T108_V100a\usb_core.o
                0x08008c4c                Standard_GetConfiguration
 .text.Standard_SetConfiguration
                0x08008c74       0x38 C:\tien\PROJEKTY\procesory\STM\T108_V100a\usb_core.o
                0x08008c74                Standard_SetConfiguration
 .text.Standard_GetInterface
                0x08008cac       0x28 C:\tien\PROJEKTY\procesory\STM\T108_V100a\usb_core.o
                0x08008cac                Standard_GetInterface
 .text.Standard_SetInterface
                0x08008cd4       0x48 C:\tien\PROJEKTY\procesory\STM\T108_V100a\usb_core.o
                0x08008cd4                Standard_SetInterface
 .text.Standard_GetStatus
                0x08008d1c       0xac C:\tien\PROJEKTY\procesory\STM\T108_V100a\usb_core.o
                0x08008d1c                Standard_GetStatus
 .text.Standard_SetEndPointFeature
                0x08008dc8       0x9c C:\tien\PROJEKTY\procesory\STM\T108_V100a\usb_core.o
                0x08008dc8                Standard_SetEndPointFeature
 .text.Standard_SetDeviceFeature
                0x08008e64       0x24 C:\tien\PROJEKTY\procesory\STM\T108_V100a\usb_core.o
                0x08008e64                Standard_SetDeviceFeature
 .text.Standard_GetDescriptorData
                0x08008e88       0x20 C:\tien\PROJEKTY\procesory\STM\T108_V100a\usb_core.o
                0x08008e88                Standard_GetDescriptorData
 .text.SetDeviceAddress
                0x08008ea8       0x44 C:\tien\PROJEKTY\procesory\STM\T108_V100a\usb_core.o
                0x08008ea8                SetDeviceAddress
 .text.NOP_Process
                0x08008eec        0x4 C:\tien\PROJEKTY\procesory\STM\T108_V100a\usb_core.o
                0x08008eec                NOP_Process
 .text.Post0_Process
                0x08008ef0       0x44 C:\tien\PROJEKTY\procesory\STM\T108_V100a\usb_core.o
                0x08008ef0                Post0_Process
 .text.Out0_Process
                0x08008f34       0xd0 C:\tien\PROJEKTY\procesory\STM\T108_V100a\usb_core.o
                0x08008f34                Out0_Process
 .text.DataStageIn
                0x08009004       0xb0 C:\tien\PROJEKTY\procesory\STM\T108_V100a\usb_core.o
 .text.In0_Process
                0x080090b4       0x60 C:\tien\PROJEKTY\procesory\STM\T108_V100a\usb_core.o
                0x080090b4                In0_Process
 .text.Standard_ClearFeature
                0x08009114       0xec C:\tien\PROJEKTY\procesory\STM\T108_V100a\usb_core.o
                0x08009114                Standard_ClearFeature
 .text.Setup0_Process
                0x08009200      0x304 C:\tien\PROJEKTY\procesory\STM\T108_V100a\usb_core.o
                0x08009200                Setup0_Process
 .text.USB_Init
                0x08009504       0x38 C:\tien\PROJEKTY\procesory\STM\T108_V100a\usb_init.o
                0x08009504                USB_Init
 .text.CTR_LP   0x0800953c      0x17c C:\tien\PROJEKTY\procesory\STM\T108_V100a\usb_int.o
                0x0800953c                CTR_LP
 .text.UserToPMABufferCopy
                0x080096b8       0x34 C:\tien\PROJEKTY\procesory\STM\T108_V100a\usb_mem.o
                0x080096b8                UserToPMABufferCopy
 .text.PMAToUserBufferCopy
                0x080096ec       0x24 C:\tien\PROJEKTY\procesory\STM\T108_V100a\usb_mem.o
                0x080096ec                PMAToUserBufferCopy
 .text.SetBTABLE
                0x08009710       0x14 C:\tien\PROJEKTY\procesory\STM\T108_V100a\usb_regs.o
                0x08009710                SetBTABLE
 .text.SetEPType
                0x08009724       0x1c C:\tien\PROJEKTY\procesory\STM\T108_V100a\usb_regs.o
                0x08009724                SetEPType
 .text.SetEPTxStatus
                0x08009740       0x2c C:\tien\PROJEKTY\procesory\STM\T108_V100a\usb_regs.o
                0x08009740                SetEPTxStatus
 .text.SetEPRxStatus
                0x0800976c       0x2c C:\tien\PROJEKTY\procesory\STM\T108_V100a\usb_regs.o
                0x0800976c                SetEPRxStatus
 .text.SetEPTxValid
                0x08009798       0x1c C:\tien\PROJEKTY\procesory\STM\T108_V100a\usb_regs.o
                0x08009798                SetEPTxValid
 .text.SetEPRxValid
                0x080097b4       0x1c C:\tien\PROJEKTY\procesory\STM\T108_V100a\usb_regs.o
                0x080097b4                SetEPRxValid
 .text.Clear_Status_Out
                0x080097d0       0x18 C:\tien\PROJEKTY\procesory\STM\T108_V100a\usb_regs.o
                0x080097d0                Clear_Status_Out
 .text.ClearDTOG_RX
                0x080097e8       0x24 C:\tien\PROJEKTY\procesory\STM\T108_V100a\usb_regs.o
                0x080097e8                ClearDTOG_RX
 .text.ClearDTOG_TX
                0x0800980c       0x24 C:\tien\PROJEKTY\procesory\STM\T108_V100a\usb_regs.o
                0x0800980c                ClearDTOG_TX
 .text.SetEPTxAddr
                0x08009830       0x20 C:\tien\PROJEKTY\procesory\STM\T108_V100a\usb_regs.o
                0x08009830                SetEPTxAddr
 .text.SetEPRxAddr
                0x08009850       0x20 C:\tien\PROJEKTY\procesory\STM\T108_V100a\usb_regs.o
                0x08009850                SetEPRxAddr
 .text.GetEPTxAddr
                0x08009870       0x1c C:\tien\PROJEKTY\procesory\STM\T108_V100a\usb_regs.o
                0x08009870                GetEPTxAddr
 .text.GetEPRxAddr
                0x0800988c       0x1c C:\tien\PROJEKTY\procesory\STM\T108_V100a\usb_regs.o
                0x0800988c                GetEPRxAddr
 .text.SetEPTxCount
                0x080098a8       0x1c C:\tien\PROJEKTY\procesory\STM\T108_V100a\usb_regs.o
                0x080098a8                SetEPTxCount
 .text.SetEPRxCount
                0x080098c4       0x40 C:\tien\PROJEKTY\procesory\STM\T108_V100a\usb_regs.o
                0x080098c4                SetEPRxCount
 .text.ByteSwap
                0x08009904        0xc C:\tien\PROJEKTY\procesory\STM\T108_V100a\usb_regs.o
                0x08009904                ByteSwap
 .text.USB_Istr
                0x08009910       0xf4 C:\tien\PROJEKTY\procesory\STM\T108_V100a\usb_istr.o
                0x08009910                USB_Istr
 .text.CustomHID_SetDeviceAddress
                0x08009a04        0xc C:\tien\PROJEKTY\procesory\STM\T108_V100a\usb_prop.o
                0x08009a04                CustomHID_SetDeviceAddress
 .text.CustomHID_Status_In
                0x08009a10        0x4 C:\tien\PROJEKTY\procesory\STM\T108_V100a\usb_prop.o
                0x08009a10                CustomHID_Status_In
 .text.CustomHID_Status_Out
                0x08009a14        0x4 C:\tien\PROJEKTY\procesory\STM\T108_V100a\usb_prop.o
                0x08009a14                CustomHID_Status_Out
 .text.CustomHID_Data_Setup
                0x08009a18       0x68 C:\tien\PROJEKTY\procesory\STM\T108_V100a\usb_prop.o
                0x08009a18                CustomHID_Data_Setup
 .text.CustomHID_Get_Interface_Setting
                0x08009a80        0x8 C:\tien\PROJEKTY\procesory\STM\T108_V100a\usb_prop.o
                0x08009a80                CustomHID_Get_Interface_Setting
 .text.CustomHID_SetProtocol
                0x08009a88       0x18 C:\tien\PROJEKTY\procesory\STM\T108_V100a\usb_prop.o
                0x08009a88                CustomHID_SetProtocol
 .text.CustomHID_NoData_Setup
                0x08009aa0       0x24 C:\tien\PROJEKTY\procesory\STM\T108_V100a\usb_prop.o
                0x08009aa0                CustomHID_NoData_Setup
 .text.CustomHID_GetProtocolValue
                0x08009ac4       0x1c C:\tien\PROJEKTY\procesory\STM\T108_V100a\usb_prop.o
                0x08009ac4                CustomHID_GetProtocolValue
 .text.CustomHID_GetHIDDescriptor
                0x08009ae0       0x10 C:\tien\PROJEKTY\procesory\STM\T108_V100a\usb_prop.o
                0x08009ae0                CustomHID_GetHIDDescriptor
 .text.CustomHID_GetReportDescriptor
                0x08009af0       0x10 C:\tien\PROJEKTY\procesory\STM\T108_V100a\usb_prop.o
                0x08009af0                CustomHID_GetReportDescriptor
 .text.CustomHID_GetStringDescriptor
                0x08009b00       0x24 C:\tien\PROJEKTY\procesory\STM\T108_V100a\usb_prop.o
                0x08009b00                CustomHID_GetStringDescriptor
 .text.CustomHID_GetConfigDescriptor
                0x08009b24       0x10 C:\tien\PROJEKTY\procesory\STM\T108_V100a\usb_prop.o
                0x08009b24                CustomHID_GetConfigDescriptor
 .text.CustomHID_GetDeviceDescriptor
                0x08009b34       0x10 C:\tien\PROJEKTY\procesory\STM\T108_V100a\usb_prop.o
                0x08009b34                CustomHID_GetDeviceDescriptor
 .text.CustomHID_SetConfiguration
                0x08009b44       0x28 C:\tien\PROJEKTY\procesory\STM\T108_V100a\usb_prop.o
                0x08009b44                CustomHID_SetConfiguration
 .text.CustomHID_Reset
                0x08009b6c       0xb0 C:\tien\PROJEKTY\procesory\STM\T108_V100a\usb_prop.o
                0x08009b6c                CustomHID_Reset
 .text.CustomHID_init
                0x08009c1c       0x3c C:\tien\PROJEKTY\procesory\STM\T108_V100a\usb_prop.o
                0x08009c1c                CustomHID_init
 .text.PowerOn  0x08009c58       0x28 C:\tien\PROJEKTY\procesory\STM\T108_V100a\usb_pwr.o
                0x08009c58                PowerOn
 .text.Resume_Init
                0x08009c80       0x20 C:\tien\PROJEKTY\procesory\STM\T108_V100a\usb_pwr.o
                0x08009c80                Resume_Init
 .text.Resume   0x08009ca0       0x8c C:\tien\PROJEKTY\procesory\STM\T108_V100a\usb_pwr.o
                0x08009ca0                Resume
 .text.Suspend  0x08009d2c       0x24 C:\tien\PROJEKTY\procesory\STM\T108_V100a\usb_pwr.o
                0x08009d2c                Suspend
 .text.EP1_OUT_Callback
                0x08009d50      0x340 C:\tien\PROJEKTY\procesory\STM\T108_V100a\usb_endp.o
                0x08009d50                EP1_OUT_Callback
 .text._write   0x0800a090       0x20 C:\Program Files (x86)\Raisonance\Ride\Lib\ARM\STM32x_io_putchar_thumb.a(syscalls.o)
                0x0800a090                _write
 .text.__io_init
                0x0800a0b0       0xac C:\Program Files (x86)\Raisonance\Ride\Lib\ARM\STM32x_io_putchar_thumb.a(STM32F10X_IO_putchar.o)
                0x0800a0b0                __io_init
 .text.__io_putchar
                0x0800a15c       0x44 C:\Program Files (x86)\Raisonance\Ride\Lib\ARM\STM32x_io_putchar_thumb.a(STM32F10X_IO_putchar.o)
                0x0800a15c                __io_putchar
 .text.DMA_DeInit
                0x0800a1a0      0x18c C:\Program Files (x86)\Raisonance\Ride\Lib\ARM\STM32F10x_thumb.lib(stm32f10x_dma.o)
                0x0800a1a0                DMA_DeInit
 .text.DMA_Init
                0x0800a32c       0x40 C:\Program Files (x86)\Raisonance\Ride\Lib\ARM\STM32F10x_thumb.lib(stm32f10x_dma.o)
                0x0800a32c                DMA_Init
 .text.DMA_Cmd  0x0800a36c       0x18 C:\Program Files (x86)\Raisonance\Ride\Lib\ARM\STM32F10x_thumb.lib(stm32f10x_dma.o)
                0x0800a36c                DMA_Cmd
 .text.DMA_ITConfig
                0x0800a384       0x18 C:\Program Files (x86)\Raisonance\Ride\Lib\ARM\STM32F10x_thumb.lib(stm32f10x_dma.o)
                0x0800a384                DMA_ITConfig
 .text.DMA_GetITStatus
                0x0800a39c       0x28 C:\Program Files (x86)\Raisonance\Ride\Lib\ARM\STM32F10x_thumb.lib(stm32f10x_dma.o)
                0x0800a39c                DMA_GetITStatus
 .text.DMA_ClearITPendingBit
                0x0800a3c4       0x20 C:\Program Files (x86)\Raisonance\Ride\Lib\ARM\STM32F10x_thumb.lib(stm32f10x_dma.o)
                0x0800a3c4                DMA_ClearITPendingBit
 .text.EXTI_Init
                0x0800a3e4       0x80 C:\Program Files (x86)\Raisonance\Ride\Lib\ARM\STM32F10x_thumb.lib(stm32f10x_exti.o)
                0x0800a3e4                EXTI_Init
 .text.EXTI_GenerateSWInterrupt
                0x0800a464       0x10 C:\Program Files (x86)\Raisonance\Ride\Lib\ARM\STM32F10x_thumb.lib(stm32f10x_exti.o)
                0x0800a464                EXTI_GenerateSWInterrupt
 .text.EXTI_GetITStatus
                0x0800a474       0x20 C:\Program Files (x86)\Raisonance\Ride\Lib\ARM\STM32F10x_thumb.lib(stm32f10x_exti.o)
                0x0800a474                EXTI_GetITStatus
 .text.EXTI_ClearITPendingBit
                0x0800a494        0xc C:\Program Files (x86)\Raisonance\Ride\Lib\ARM\STM32F10x_thumb.lib(stm32f10x_exti.o)
                0x0800a494                EXTI_ClearITPendingBit
 .text.GPIO_Init
                0x0800a4a0       0xd8 C:\Program Files (x86)\Raisonance\Ride\Lib\ARM\STM32F10x_thumb.lib(stm32f10x_gpio.o)
                0x0800a4a0                GPIO_Init
 .text.GPIO_ReadInputDataBit
                0x0800a578        0xc C:\Program Files (x86)\Raisonance\Ride\Lib\ARM\STM32F10x_thumb.lib(stm32f10x_gpio.o)
                0x0800a578                GPIO_ReadInputDataBit
 .text.GPIO_SetBits
                0x0800a584        0x4 C:\Program Files (x86)\Raisonance\Ride\Lib\ARM\STM32F10x_thumb.lib(stm32f10x_gpio.o)
                0x0800a584                GPIO_SetBits
 .text.GPIO_ResetBits
                0x0800a588        0x4 C:\Program Files (x86)\Raisonance\Ride\Lib\ARM\STM32F10x_thumb.lib(stm32f10x_gpio.o)
                0x0800a588                GPIO_ResetBits
 .text.GPIO_PinRemapConfig
                0x0800a58c       0x74 C:\Program Files (x86)\Raisonance\Ride\Lib\ARM\STM32F10x_thumb.lib(stm32f10x_gpio.o)
                0x0800a58c                GPIO_PinRemapConfig
 .text.GPIO_EXTILineConfig
                0x0800a600       0x34 C:\Program Files (x86)\Raisonance\Ride\Lib\ARM\STM32F10x_thumb.lib(stm32f10x_gpio.o)
                0x0800a600                GPIO_EXTILineConfig
 .text.IWDG_WriteAccessCmd
                0x0800a634        0xc C:\Program Files (x86)\Raisonance\Ride\Lib\ARM\STM32F10x_thumb.lib(stm32f10x_iwdg.o)
                0x0800a634                IWDG_WriteAccessCmd
 .text.IWDG_SetPrescaler
                0x0800a640        0xc C:\Program Files (x86)\Raisonance\Ride\Lib\ARM\STM32F10x_thumb.lib(stm32f10x_iwdg.o)
                0x0800a640                IWDG_SetPrescaler
 .text.IWDG_SetReload
                0x0800a64c        0xc C:\Program Files (x86)\Raisonance\Ride\Lib\ARM\STM32F10x_thumb.lib(stm32f10x_iwdg.o)
                0x0800a64c                IWDG_SetReload
 .text.IWDG_ReloadCounter
                0x0800a658       0x10 C:\Program Files (x86)\Raisonance\Ride\Lib\ARM\STM32F10x_thumb.lib(stm32f10x_iwdg.o)
                0x0800a658                IWDG_ReloadCounter
 .text.IWDG_Enable
                0x0800a668       0x10 C:\Program Files (x86)\Raisonance\Ride\Lib\ARM\STM32F10x_thumb.lib(stm32f10x_iwdg.o)
                0x0800a668                IWDG_Enable
 .text.NVIC_Init
                0x0800a678       0x8c C:\Program Files (x86)\Raisonance\Ride\Lib\ARM\STM32F10x_thumb.lib(stm32f10x_nvic.o)
                0x0800a678                NVIC_Init
 .text.NVIC_SetVectorTable
                0x0800a704       0x18 C:\Program Files (x86)\Raisonance\Ride\Lib\ARM\STM32F10x_thumb.lib(stm32f10x_nvic.o)
                0x0800a704                NVIC_SetVectorTable
 .text.PWR_BackupAccessCmd
                0x0800a71c        0xc C:\Program Files (x86)\Raisonance\Ride\Lib\ARM\STM32F10x_thumb.lib(stm32f10x_pwr.o)
                0x0800a71c                PWR_BackupAccessCmd
 .text.RCC_DeInit
                0x0800a728       0x44 C:\Program Files (x86)\Raisonance\Ride\Lib\ARM\STM32F10x_thumb.lib(stm32f10x_rcc.o)
                0x0800a728                RCC_DeInit
 .text.RCC_HSEConfig
                0x0800a76c       0x38 C:\Program Files (x86)\Raisonance\Ride\Lib\ARM\STM32F10x_thumb.lib(stm32f10x_rcc.o)
                0x0800a76c                RCC_HSEConfig
 .text.RCC_WaitForHSEStartUp
                0x0800a7a4       0x40 C:\Program Files (x86)\Raisonance\Ride\Lib\ARM\STM32F10x_thumb.lib(stm32f10x_rcc.o)
                0x0800a7a4                RCC_WaitForHSEStartUp
 .text.RCC_PLLConfig
                0x0800a7e4       0x18 C:\Program Files (x86)\Raisonance\Ride\Lib\ARM\STM32F10x_thumb.lib(stm32f10x_rcc.o)
                0x0800a7e4                RCC_PLLConfig
 .text.RCC_PLLCmd
                0x0800a7fc        0xc C:\Program Files (x86)\Raisonance\Ride\Lib\ARM\STM32F10x_thumb.lib(stm32f10x_rcc.o)
                0x0800a7fc                RCC_PLLCmd
 .text.RCC_SYSCLKConfig
                0x0800a808       0x14 C:\Program Files (x86)\Raisonance\Ride\Lib\ARM\STM32F10x_thumb.lib(stm32f10x_rcc.o)
                0x0800a808                RCC_SYSCLKConfig
 .text.RCC_GetSYSCLKSource
                0x0800a81c       0x10 C:\Program Files (x86)\Raisonance\Ride\Lib\ARM\STM32F10x_thumb.lib(stm32f10x_rcc.o)
                0x0800a81c                RCC_GetSYSCLKSource
 .text.RCC_HCLKConfig
                0x0800a82c       0x14 C:\Program Files (x86)\Raisonance\Ride\Lib\ARM\STM32F10x_thumb.lib(stm32f10x_rcc.o)
                0x0800a82c                RCC_HCLKConfig
 .text.RCC_PCLK1Config
                0x0800a840       0x14 C:\Program Files (x86)\Raisonance\Ride\Lib\ARM\STM32F10x_thumb.lib(stm32f10x_rcc.o)
                0x0800a840                RCC_PCLK1Config
 .text.RCC_PCLK2Config
                0x0800a854       0x18 C:\Program Files (x86)\Raisonance\Ride\Lib\ARM\STM32F10x_thumb.lib(stm32f10x_rcc.o)
                0x0800a854                RCC_PCLK2Config
 .text.RCC_USBCLKConfig
                0x0800a86c        0xc C:\Program Files (x86)\Raisonance\Ride\Lib\ARM\STM32F10x_thumb.lib(stm32f10x_rcc.o)
                0x0800a86c                RCC_USBCLKConfig
 .text.RCC_ADCCLKConfig
                0x0800a878       0x14 C:\Program Files (x86)\Raisonance\Ride\Lib\ARM\STM32F10x_thumb.lib(stm32f10x_rcc.o)
                0x0800a878                RCC_ADCCLKConfig
 .text.RCC_LSEConfig
                0x0800a88c       0x20 C:\Program Files (x86)\Raisonance\Ride\Lib\ARM\STM32F10x_thumb.lib(stm32f10x_rcc.o)
                0x0800a88c                RCC_LSEConfig
 .text.RCC_RTCCLKConfig
                0x0800a8ac       0x10 C:\Program Files (x86)\Raisonance\Ride\Lib\ARM\STM32F10x_thumb.lib(stm32f10x_rcc.o)
                0x0800a8ac                RCC_RTCCLKConfig
 .text.RCC_RTCCLKCmd
                0x0800a8bc        0xc C:\Program Files (x86)\Raisonance\Ride\Lib\ARM\STM32F10x_thumb.lib(stm32f10x_rcc.o)
                0x0800a8bc                RCC_RTCCLKCmd
 .text.RCC_GetClocksFreq
                0x0800a8c8       0xb0 C:\Program Files (x86)\Raisonance\Ride\Lib\ARM\STM32F10x_thumb.lib(stm32f10x_rcc.o)
                0x0800a8c8                RCC_GetClocksFreq
 .text.RCC_AHBPeriphClockCmd
                0x0800a978       0x28 C:\Program Files (x86)\Raisonance\Ride\Lib\ARM\STM32F10x_thumb.lib(stm32f10x_rcc.o)
                0x0800a978                RCC_AHBPeriphClockCmd
 .text.RCC_APB2PeriphClockCmd
                0x0800a9a0       0x28 C:\Program Files (x86)\Raisonance\Ride\Lib\ARM\STM32F10x_thumb.lib(stm32f10x_rcc.o)
                0x0800a9a0                RCC_APB2PeriphClockCmd
 .text.RCC_APB1PeriphClockCmd
                0x0800a9c8       0x28 C:\Program Files (x86)\Raisonance\Ride\Lib\ARM\STM32F10x_thumb.lib(stm32f10x_rcc.o)
                0x0800a9c8                RCC_APB1PeriphClockCmd
 .text.RCC_GetFlagStatus
                0x0800a9f0       0x3c C:\Program Files (x86)\Raisonance\Ride\Lib\ARM\STM32F10x_thumb.lib(stm32f10x_rcc.o)
                0x0800a9f0                RCC_GetFlagStatus
 .text.RTC_GetCounter
                0x0800aa2c       0x14 C:\Program Files (x86)\Raisonance\Ride\Lib\ARM\STM32F10x_thumb.lib(stm32f10x_rtc.o)
                0x0800aa2c                RTC_GetCounter
 .text.RTC_SetCounter
                0x0800aa40       0x28 C:\Program Files (x86)\Raisonance\Ride\Lib\ARM\STM32F10x_thumb.lib(stm32f10x_rtc.o)
                0x0800aa40                RTC_SetCounter
 .text.RTC_SetPrescaler
                0x0800aa68       0x2c C:\Program Files (x86)\Raisonance\Ride\Lib\ARM\STM32F10x_thumb.lib(stm32f10x_rtc.o)
                0x0800aa68                RTC_SetPrescaler
 .text.RTC_WaitForLastTask
                0x0800aa94       0x14 C:\Program Files (x86)\Raisonance\Ride\Lib\ARM\STM32F10x_thumb.lib(stm32f10x_rtc.o)
                0x0800aa94                RTC_WaitForLastTask
 .text.RTC_ClearITPendingBit
                0x0800aaa8       0x14 C:\Program Files (x86)\Raisonance\Ride\Lib\ARM\STM32F10x_thumb.lib(stm32f10x_rtc.o)
                0x0800aaa8                RTC_ClearITPendingBit
 .text.SPI_Init
                0x0800aabc       0x40 C:\Program Files (x86)\Raisonance\Ride\Lib\ARM\STM32F10x_thumb.lib(stm32f10x_spi.o)
                0x0800aabc                SPI_Init
 .text.SPI_Cmd  0x0800aafc       0x1c C:\Program Files (x86)\Raisonance\Ride\Lib\ARM\STM32F10x_thumb.lib(stm32f10x_spi.o)
                0x0800aafc                SPI_Cmd
 .text.SysTick_CLKSourceConfig
                0x0800ab18       0x2c C:\Program Files (x86)\Raisonance\Ride\Lib\ARM\STM32F10x_thumb.lib(stm32f10x_systick.o)
                0x0800ab18                SysTick_CLKSourceConfig
 .text.SysTick_SetReload
                0x0800ab44        0xc C:\Program Files (x86)\Raisonance\Ride\Lib\ARM\STM32F10x_thumb.lib(stm32f10x_systick.o)
                0x0800ab44                SysTick_SetReload
 .text.SysTick_CounterCmd
                0x0800ab50       0x3c C:\Program Files (x86)\Raisonance\Ride\Lib\ARM\STM32F10x_thumb.lib(stm32f10x_systick.o)
                0x0800ab50                SysTick_CounterCmd
 .text.SysTick_ITConfig
                0x0800ab8c       0x28 C:\Program Files (x86)\Raisonance\Ride\Lib\ARM\STM32F10x_thumb.lib(stm32f10x_systick.o)
                0x0800ab8c                SysTick_ITConfig
 .text.TIM_TimeBaseInit
                0x0800abb4       0x5c C:\Program Files (x86)\Raisonance\Ride\Lib\ARM\STM32F10x_thumb.lib(stm32f10x_tim.o)
                0x0800abb4                TIM_TimeBaseInit
 .text.TIM_OC1Init
                0x0800ac10       0xbc C:\Program Files (x86)\Raisonance\Ride\Lib\ARM\STM32F10x_thumb.lib(stm32f10x_tim.o)
                0x0800ac10                TIM_OC1Init
 .text.TIM_ICInit
                0x0800accc      0x16c C:\Program Files (x86)\Raisonance\Ride\Lib\ARM\STM32F10x_thumb.lib(stm32f10x_tim.o)
                0x0800accc                TIM_ICInit
 .text.TIM_Cmd  0x0800ae38       0x1c C:\Program Files (x86)\Raisonance\Ride\Lib\ARM\STM32F10x_thumb.lib(stm32f10x_tim.o)
                0x0800ae38                TIM_Cmd
 .text.TIM_CtrlPWMOutputs
                0x0800ae54       0x20 C:\Program Files (x86)\Raisonance\Ride\Lib\ARM\STM32F10x_thumb.lib(stm32f10x_tim.o)
                0x0800ae54                TIM_CtrlPWMOutputs
 .text.TIM_ITConfig
                0x0800ae74       0x1c C:\Program Files (x86)\Raisonance\Ride\Lib\ARM\STM32F10x_thumb.lib(stm32f10x_tim.o)
                0x0800ae74                TIM_ITConfig
 .text.TIM_ARRPreloadConfig
                0x0800ae90       0x1c C:\Program Files (x86)\Raisonance\Ride\Lib\ARM\STM32F10x_thumb.lib(stm32f10x_tim.o)
                0x0800ae90                TIM_ARRPreloadConfig
 .text.TIM_OC1PreloadConfig
                0x0800aeac       0x10 C:\Program Files (x86)\Raisonance\Ride\Lib\ARM\STM32F10x_thumb.lib(stm32f10x_tim.o)
                0x0800aeac                TIM_OC1PreloadConfig
 .text.TIM_OC1PolarityConfig
                0x0800aebc       0x10 C:\Program Files (x86)\Raisonance\Ride\Lib\ARM\STM32F10x_thumb.lib(stm32f10x_tim.o)
                0x0800aebc                TIM_OC1PolarityConfig
 .text.TIM_SetCounter
                0x0800aecc        0x4 C:\Program Files (x86)\Raisonance\Ride\Lib\ARM\STM32F10x_thumb.lib(stm32f10x_tim.o)
                0x0800aecc                TIM_SetCounter
 .text.TIM_SetCompare1
                0x0800aed0        0x4 C:\Program Files (x86)\Raisonance\Ride\Lib\ARM\STM32F10x_thumb.lib(stm32f10x_tim.o)
                0x0800aed0                TIM_SetCompare1
 .text.TIM_SetCompare4
                0x0800aed4        0x8 C:\Program Files (x86)\Raisonance\Ride\Lib\ARM\STM32F10x_thumb.lib(stm32f10x_tim.o)
                0x0800aed4                TIM_SetCompare4
 .text.TIM_GetCapture1
                0x0800aedc        0x8 C:\Program Files (x86)\Raisonance\Ride\Lib\ARM\STM32F10x_thumb.lib(stm32f10x_tim.o)
                0x0800aedc                TIM_GetCapture1
 .text.TIM_GetCounter
                0x0800aee4        0x8 C:\Program Files (x86)\Raisonance\Ride\Lib\ARM\STM32F10x_thumb.lib(stm32f10x_tim.o)
                0x0800aee4                TIM_GetCounter
 .text.TIM_ClearITPendingBit
                0x0800aeec        0x8 C:\Program Files (x86)\Raisonance\Ride\Lib\ARM\STM32F10x_thumb.lib(stm32f10x_tim.o)
                0x0800aeec                TIM_ClearITPendingBit
 .text.USART_Cmd
                0x0800aef4       0x1c C:\Program Files (x86)\Raisonance\Ride\Lib\ARM\STM32F10x_thumb.lib(stm32f10x_usart.o)
                0x0800aef4                USART_Cmd
 .text.USART_ITConfig
                0x0800af10       0x48 C:\Program Files (x86)\Raisonance\Ride\Lib\ARM\STM32F10x_thumb.lib(stm32f10x_usart.o)
                0x0800af10                USART_ITConfig
 .text.USART_DMACmd
                0x0800af58       0x1c C:\Program Files (x86)\Raisonance\Ride\Lib\ARM\STM32F10x_thumb.lib(stm32f10x_usart.o)
                0x0800af58                USART_DMACmd
 .text.USART_SendData
                0x0800af74        0x8 C:\Program Files (x86)\Raisonance\Ride\Lib\ARM\STM32F10x_thumb.lib(stm32f10x_usart.o)
                0x0800af74                USART_SendData
 .text.USART_ReceiveData
                0x0800af7c        0x8 C:\Program Files (x86)\Raisonance\Ride\Lib\ARM\STM32F10x_thumb.lib(stm32f10x_usart.o)
                0x0800af7c                USART_ReceiveData
 .text.USART_GetFlagStatus
                0x0800af84        0xc C:\Program Files (x86)\Raisonance\Ride\Lib\ARM\STM32F10x_thumb.lib(stm32f10x_usart.o)
                0x0800af84                USART_GetFlagStatus
 .text.USART_GetITStatus
                0x0800af90       0x58 C:\Program Files (x86)\Raisonance\Ride\Lib\ARM\STM32F10x_thumb.lib(stm32f10x_usart.o)
                0x0800af90                USART_GetITStatus
 .text.USART_Init
                0x0800afe8       0xa4 C:\Program Files (x86)\Raisonance\Ride\Lib\ARM\STM32F10x_thumb.lib(stm32f10x_usart.o)
                0x0800afe8                USART_Init
 .text.WWDG_SetPrescaler
                0x0800b08c       0x14 C:\Program Files (x86)\Raisonance\Ride\Lib\ARM\STM32F10x_thumb.lib(stm32f10x_wwdg.o)
                0x0800b08c                WWDG_SetPrescaler
 .text.WWDG_SetWindowValue
                0x0800b0a0       0x18 C:\Program Files (x86)\Raisonance\Ride\Lib\ARM\STM32F10x_thumb.lib(stm32f10x_wwdg.o)
                0x0800b0a0                WWDG_SetWindowValue
 .text.WWDG_SetCounter
                0x0800b0b8       0x10 C:\Program Files (x86)\Raisonance\Ride\Lib\ARM\STM32F10x_thumb.lib(stm32f10x_wwdg.o)
                0x0800b0b8                WWDG_SetCounter
 .text.WWDG_Enable
                0x0800b0c8       0x10 C:\Program Files (x86)\Raisonance\Ride\Lib\ARM\STM32F10x_thumb.lib(stm32f10x_wwdg.o)
                0x0800b0c8                WWDG_Enable
 .text.ADC_Init
                0x0800b0d8       0x4c C:\Program Files (x86)\Raisonance\Ride\Lib\ARM\STM32F10x_thumb.lib(stm32f10x_adc.o)
                0x0800b0d8                ADC_Init
 .text.ADC_Cmd  0x0800b124       0x18 C:\Program Files (x86)\Raisonance\Ride\Lib\ARM\STM32F10x_thumb.lib(stm32f10x_adc.o)
                0x0800b124                ADC_Cmd
 .text.ADC_DMACmd
                0x0800b13c       0x18 C:\Program Files (x86)\Raisonance\Ride\Lib\ARM\STM32F10x_thumb.lib(stm32f10x_adc.o)
                0x0800b13c                ADC_DMACmd
 .text.ADC_ResetCalibration
                0x0800b154        0xc C:\Program Files (x86)\Raisonance\Ride\Lib\ARM\STM32F10x_thumb.lib(stm32f10x_adc.o)
                0x0800b154                ADC_ResetCalibration
 .text.ADC_GetResetCalibrationStatus
                0x0800b160        0xc C:\Program Files (x86)\Raisonance\Ride\Lib\ARM\STM32F10x_thumb.lib(stm32f10x_adc.o)
                0x0800b160                ADC_GetResetCalibrationStatus
 .text.ADC_StartCalibration
                0x0800b16c        0xc C:\Program Files (x86)\Raisonance\Ride\Lib\ARM\STM32F10x_thumb.lib(stm32f10x_adc.o)
                0x0800b16c                ADC_StartCalibration
 .text.ADC_GetCalibrationStatus
                0x0800b178        0xc C:\Program Files (x86)\Raisonance\Ride\Lib\ARM\STM32F10x_thumb.lib(stm32f10x_adc.o)
                0x0800b178                ADC_GetCalibrationStatus
 .text.ADC_SoftwareStartConvCmd
                0x0800b184       0x18 C:\Program Files (x86)\Raisonance\Ride\Lib\ARM\STM32F10x_thumb.lib(stm32f10x_adc.o)
                0x0800b184                ADC_SoftwareStartConvCmd
 .text.ADC_RegularChannelConfig
                0x0800b19c       0xa4 C:\Program Files (x86)\Raisonance\Ride\Lib\ARM\STM32F10x_thumb.lib(stm32f10x_adc.o)
                0x0800b19c                ADC_RegularChannelConfig
 .text.ADC_TempSensorVrefintCmd
                0x0800b240       0x28 C:\Program Files (x86)\Raisonance\Ride\Lib\ARM\STM32F10x_thumb.lib(stm32f10x_adc.o)
                0x0800b240                ADC_TempSensorVrefintCmd
 .text.BKP_WriteBackupRegister
                0x0800b268        0xc C:\Program Files (x86)\Raisonance\Ride\Lib\ARM\STM32F10x_thumb.lib(stm32f10x_bkp.o)
                0x0800b268                BKP_WriteBackupRegister
 .text.BKP_ReadBackupRegister
                0x0800b274       0x10 C:\Program Files (x86)\Raisonance\Ride\Lib\ARM\STM32F10x_thumb.lib(stm32f10x_bkp.o)
                0x0800b274                BKP_ReadBackupRegister
 *(.rodata)
 .rodata        0x0800b284       0x2c C:\tien\PROJEKTY\procesory\STM\T108_V100a\control.o
                0x0800b284                OC_Off
                0x0800b2a8                Mosfets_Off_R
                0x0800b290                Relays_Off
                0x0800b2a0                Mosfets_Off_N
 .rodata        0x0800b2b0        0xc C:\tien\PROJEKTY\procesory\STM\T108_V100a\RTC.o
 .rodata        0x0800b2bc        0x4 C:\tien\PROJEKTY\procesory\STM\T108_V100a\lcd.o
                0x0800b2bc                Lcd_Address_Base
 .rodata        0x0800b2c0     0x2d5c C:\tien\PROJEKTY\procesory\STM\T108_V100a\gui.o
                0x0800bd4c                Param_LP_Marker
                0x0800b684                Ranges_Minute
                0x0800da64                Var_Ust_Serwisowe19
                0x0800c408                String_Fun13
                0x0800d4f4                Screen_RTC
                0x0800d7e8                String_Ust_Serwisowe1
                0x0800bda0                Param_SoftStartStop
                0x0800caec                String_Listwy26
                0x0800df5c                String_Ster_Blok3
                0x0800d914                Var_Ust_Serwisowe17
                0x0800c360                String_Submenu2_1c
                0x0800c5f4                String_Submenu4
                0x0800d230                String_Czujniki1_2
                0x0800b7d4                Ranges_Opened_Time
                0x0800de0c                Var_Odczyt_Serwis3_10
                0x0800c7d4                Screen_Haslo
                0x0800b828                Clock_Minute
                0x0800d11c                String_Wyjscia22
                0x0800da04                Var_Ust_Serwisowe23
                0x0800ba3c                Param_6_Digits
                0x0800bf64                Var_Enable4
                0x0800cc24                Screen_Ustaw_Wejsc1
                0x0800c0e4                Var_Submenu2_3
                0x0800d404                Screen_Zmiana_Hasel
                0x0800db0c                Var_Odczyt_Serwis10
                0x0800cf60                String_Wejscia_Ster1
                0x0800d044                String_Wyjscia6
                0x0800d080                String_Wyjscia1
                0x0800b68c                Ranges_Hour
                0x0800df44                Screen_Blok_Calkowita
                0x0800db6c                Var_Odczyt_Serwis6
                0x0800df38                String_Blok_Calkowita1
                0x0800ddf4                Var_Odczyt_Serwis3_11
                0x0800c21c                Screen_Submenu2a
                0x0800dd88                Var_Odczyt_Serwis12
                0x0800da1c                Var_Ust_Serwisowe22
                0x0800c348                String_Submenu2_3c
                0x0800dd28                Var_Odczyt_Serwis16
                0x0800cd2c                Var_Wejscie36
                0x0800ca5c                Var_Listwy26
                0x0800d9a4                String_Ust_Serwisowe16
                0x0800c594                Var_Lic2
                0x0800d308                String_Podglad1
                0x0800c57c                Var_Lic3
                0x0800c624                String_Fabryczne2
                0x0800ba74                Param_2_Dot_Digits
                0x0800dcc8                Var_Odczyt_Serwis20
                0x0800c27c                String_Submenu2_6b
                0x0800bf7c                Var_Enable3
                0x0800c4ec                String_Data3
                0x0800c804                Var_BM2
                0x0800c1f8                String_Submenu2_3a
                0x0800d8cc                String_Ust_Serwisowe8
                0x0800d26c                Screen_Czujniki2
                0x0800bbfc                Param_In_4
                0x0800c984                Var_Listwy5
                0x0800d98c                String_Ust_Serwisowe18
                0x0800be44                Var_Standby6
                0x0800b9e8                Param_3_Digits
                0x0800b87c                Clock_Month
                0x0800c150                String_Submenu2_3
                0x0800c204                String_Submenu2_2a
                0x0800c714                Var_Info2
                0x0800d134                Screen_Ustaw_Wyjsc_Przek2
                0x0800c678                String_Kontakt1
                0x0800b8b4                Clock_DOW
                0x0800d14c                Menu_Czujniki1
                0x0800d4b8                Screen_Ust_Blokady
                0x0800ccb4                Var_Wejscie21
                0x0800c8c4                Var_Prad4
                0x0800cfc0                String_Wejscia_Ster25
                0x0800d614                String_LP2
                0x0800c840                String_BM5
                0x0800df80                Screen_Ster_Blokowany
                0x0800b78c                Ranges_0_2
                0x0800c0a8                Menu_Submenu1
                0x0800bcc0                Param_Serial
                0x0800d02c                Var_Wyjscia1
                0x0800ca44                Screen_Listwy1
                0x0800daa0                String_Ust_Serwisowe21
                0x0800d50c                String_Zerowanie3
                0x0800d734                Var_Ust_Serwisowe5
                0x0800decc                Var_Odczyt_Serwis3_2
                0x0800dc50                Var_Odczyt_Serwis25
                0x0800caf8                String_Listwy25
                0x0800d434                Var_Lock3
                0x0800c768                String_Info1
                0x0800c414                Screen_Funkcje3
                0x0800bebc                Var_Standby1
                0x0800b898                Clock_Year
                0x0800b7b4                Ranges_0_7
                0x0800d6c8                String_WeWy5
                0x0800df14                String_Odczyt_Serwis7
                0x0800c9b4                Var_Listwy3
                0x0800b6ac                Ranges_DOW
                0x0800d2fc                String_Podglad2
                0x0800c558                String_Lic3
                0x0800c63c                Screen_Fabryczne
                0x0800c39c                String_Submenu3
                0x0800c03c                String_Enable2
                0x0800b754                Ranges_5_Digits
                0x0800de24                Var_Odczyt_Serwis3_9
                0x0800cf24                String_Wejscia_Ster6
                0x0800c00c                String_Enable6
                0x0800d668                Screen_Prog_Testowy
                0x0800d23c                String_Czujniki1_1
                0x0800bd68                Param_Opened_Time
                0x0800cd44                Var_Wejscie35
                0x0800b7dc                Ranges_Freq
                0x0800ce64                String_Wejscia42
                0x0800bea4                Var_Standby2
                0x0800d3d4                String_Passwd4
                0x0800b978                Param_RTC
                0x0800cfe4                Screen_Ustaw_Wejsc_Ster2
                0x0800ce94                Var_Wejscie_Ster6
                0x0800dc68                Var_Odczyt_Serwis24
                0x0800d578                Var_LP4
                0x0800c9cc                Var_Listwy2
                0x0800b65c                Languages
                0x0800ddac                String_Odczyt_Serwis5
                0x0800b6bc                Ranges_Prob
                0x0800d1b8                Var_Czujniki1_4
                0x0800cd14                Screen_Ustaw_Wejsc2
                0x0800d3f8                String_Passwd1
                0x0800b704                Ranges_4_digits
                0x0800beec                String_Standby2
                0x0800cb64                Var_Wejscie5
                0x0800b9cc                Param_2_Digits
                0x0800b70c                Ranges_TestWeWy
                0x0800cd08                String_Wejscia21
                0x0800ccfc                String_Wejscia22
                0x0800dfc8                String_Odblokuj2
                0x0800cec4                Var_Wejscie_Ster4
                0x0800c528                String_Lic7
                0x0800c498                Var_Data3
                0x0800c54c                String_Lic4
                0x0800d9b0                String_Ust_Serwisowe15
                0x0800d05c                String_Wyjscia4
                0x0800d41c                Var_Lock4
                0x0800d0bc                Var_Wyjscia22
                0x0800c72c                Var_Info1
                0x0800c354                String_Submenu2_2c
                0x0800bf4c                Var_Enable5
                0x0800bdbc                Param_Photo_Opened
                0x0800bcf8                Param_0_50
                0x0800ba90                Param_4_Dot_Digits
                0x0800df68                String_Ster_Blok2
                0x0800d5e4                String_LP6
                0x0800de84                Var_Odczyt_Serwis3_5
                0x0800c1a4                Var_Submenu2_2a
                0x0800ca38                String_Listwy1
                0x0800ce1c                Var_Wejscie44
                0x0800b7f4                Ranges_Current_Counter
                0x0800b940                Counters
                0x0800b77c                Ranges_Delay
                0x0800d014                Var_Wyjscia2
                0x0800b734                Ranges_Status
                0x0800db3c                Var_Odczyt_Serwis8
                0x0800c93c                String_Prad2
                0x0800c930                String_Prad3
                0x0800d6b0                String_WeWy7
                0x0800c3e4                String_Fun7
                0x0800c8ac                Var_Prad5
                0x0800dbcc                Var_Odczyt_Serwis2
                0x0800d1a0                Var_Czujniki1_5
                0x0800c7a4                Var_Password1
                0x0800dbb4                Var_Odczyt_Serwis3
                0x0800dddc                Var_Odczyt_Serwis3_12
                0x0800dd40                Var_Odczyt_Serwis15
                0x0800d8d8                String_Ust_Serwisowe7
                0x0800da34                Var_Ust_Serwisowe21
                0x0800d944                Var_Ust_Serwisowe15
                0x0800d650                String_Test_Prog2
                0x0800cabc                Var_Listwy22
                0x0800cf48                String_Wejscia_Ster3
                0x0800cb04                String_Listwy24
                0x0800c330                String_Submenu2_5c
                0x0800b774                Ranges_LP_Counter
                0x0800d2cc                String_Podglad6
                0x0800bf94                Var_Enable2
                0x0800cdd4                String_Wejscia34
                0x0800ce7c                Screen_Ustaw_Wejsc4
                0x0800cdc8                String_Wejscia35
                0x0800b6d4                Ranges_Tak_Nie
                0x0800c9e4                Var_Listwy1
                0x0800c018                String_Enable5
                0x0800d5c0                Var_LP1
                0x0800c834                String_BM6
                0x0800c660                String_Kontakt3
                0x0800c9fc                String_Listwy6
                0x0800d4ac                String_Lock1
                0x0800cfb4                String_Wejscia_Ster26
                0x0800d344                String_Language1
                0x0800d7dc                String_Ust_Serwisowe2
                0x0800d6f8                String_WeWy1
                0x0800b72c                Ranges_Heat_Max
                0x0800b6a4                Ranges_Year
                0x0800bfc4                String_Enable12
                0x0800c264                Var_Submenu2_1b
                0x0800dc98                Var_Odczyt_Serwis22
                0x0800cef4                Var_Wejscie_Ster2
                0x0800cd5c                Var_Wejscie34
                0x0800d218                String_Czujniki1_4
                0x0800ba58                Param_10_Digits
                0x0800db24                Var_Odczyt_Serwis9
                0x0800b74c                Ranges_MS
                0x0800b6f4                Ranges_Temperature
                0x0800c7c8                String_Password1
                0x0800c81c                Var_BM1
                0x0800b7c4                Ranges_0_9
                0x0800d314                Screen_Podglad1
                0x0800df20                Screen_Odczyt_Serwisowy3
                0x0800d644                String_Test_Prog3
                0x0800d398                Var_Passwd2
                0x0800caa4                Var_Listwy23
                0x0800dce0                Var_Odczyt_Serwis19
                0x0800ba04                Param_4_Digits
                0x0800c858                String_BM3
                0x0800c324                String_Submenu2_6c