
C:\tien\PROJEKTY\procesory\STM\T108_V100a\usb_init.o:     file format elf32-littlearm
C:\tien\PROJEKTY\procesory\STM\T108_V100a\usb_init.o

Disassembly of section .text.USB_Init:

00000000 <USB_Init>:
USB_Init():
C:\tien\PROJEKTY\procesory\STM\T108_V100a\usb_library\src/usb_init.c:55
* Output         : None.
* Return         : None.
*******************************************************************************/
void USB_Init(void)
{
  pInformation = &Device_Info;
   0:	4a07      	ldr	r2, [pc, #28]	(20 <USB_Init+0x20>)
   2:	4b08      	ldr	r3, [pc, #32]	(24 <USB_Init+0x24>)
C:\tien\PROJEKTY\procesory\STM\T108_V100a\usb_library\src/usb_init.c:57
  pInformation->ControlState = 2;
  pProperty = &Device_Property;
   4:	4908      	ldr	r1, [pc, #32]	(28 <USB_Init+0x28>)
C:\tien\PROJEKTY\procesory\STM\T108_V100a\usb_library\src/usb_init.c:55
* Output         : None.
* Return         : None.
*******************************************************************************/
void USB_Init(void)
{
  pInformation = &Device_Info;
   6:	601a      	str	r2, [r3, #0]
C:\tien\PROJEKTY\procesory\STM\T108_V100a\usb_library\src/usb_init.c:56
  pInformation->ControlState = 2;
   8:	2302      	movs	r3, #2
C:\tien\PROJEKTY\procesory\STM\T108_V100a\usb_library\src/usb_init.c:54
* Input          : None.
* Output         : None.
* Return         : None.
*******************************************************************************/
void USB_Init(void)
{
   a:	b510      	push	{r4, lr}
C:\tien\PROJEKTY\procesory\STM\T108_V100a\usb_library\src/usb_init.c:56
  pInformation = &Device_Info;
  pInformation->ControlState = 2;
   c:	7213      	strb	r3, [r2, #8]
C:\tien\PROJEKTY\procesory\STM\T108_V100a\usb_library\src/usb_init.c:57
  pProperty = &Device_Property;
   e:	4b07      	ldr	r3, [pc, #28]	(2c <USB_Init+0x2c>)
C:\tien\PROJEKTY\procesory\STM\T108_V100a\usb_library\src/usb_init.c:58
  pUser_Standard_Requests = &User_Standard_Requests;
  10:	4a07      	ldr	r2, [pc, #28]	(30 <USB_Init+0x30>)
C:\tien\PROJEKTY\procesory\STM\T108_V100a\usb_library\src/usb_init.c:57
*******************************************************************************/
void USB_Init(void)
{
  pInformation = &Device_Info;
  pInformation->ControlState = 2;
  pProperty = &Device_Property;
  12:	6019      	str	r1, [r3, #0]
C:\tien\PROJEKTY\procesory\STM\T108_V100a\usb_library\src/usb_init.c:58
  pUser_Standard_Requests = &User_Standard_Requests;
  14:	4b07      	ldr	r3, [pc, #28]	(34 <USB_Init+0x34>)
  16:	601a      	str	r2, [r3, #0]
C:\tien\PROJEKTY\procesory\STM\T108_V100a\usb_library\src/usb_init.c:60
  /* Initialize devices one by one */
  pProperty->Init();
  18:	680b      	ldr	r3, [r1, #0]
  1a:	4798      	blx	r3
C:\tien\PROJEKTY\procesory\STM\T108_V100a\usb_library\src/usb_init.c:61
}
  1c:	bd10      	pop	{r4, pc}
  1e:	46c0      	nop			(mov r8, r8)
	...
